Component: ARM Compiler 5.06 update 2 (build 183) Tool: armlink [4d35b7]

==============================================================================

Section Cross References

    startup_stm32f10x_hd.o(RESET) refers to startup_stm32f10x_hd.o(STACK) for __initial_sp
    startup_stm32f10x_hd.o(RESET) refers to startup_stm32f10x_hd.o(.text) for Reset_Handler
    startup_stm32f10x_hd.o(RESET) refers to stm32f10x_it.o(i.NMI_Handler) for NMI_Handler
    startup_stm32f10x_hd.o(RESET) refers to stm32f10x_it.o(i.HardFault_Handler) for HardFault_Handler
    startup_stm32f10x_hd.o(RESET) refers to stm32f10x_it.o(i.MemManage_Handler) for MemManage_Handler
    startup_stm32f10x_hd.o(RESET) refers to stm32f10x_it.o(i.BusFault_Handler) for BusFault_Handler
    startup_stm32f10x_hd.o(RESET) refers to stm32f10x_it.o(i.UsageFault_Handler) for UsageFault_Handler
    startup_stm32f10x_hd.o(RESET) refers to stm32f10x_it.o(i.SVC_Handler) for SVC_Handler
    startup_stm32f10x_hd.o(RESET) refers to stm32f10x_it.o(i.DebugMon_Handler) for DebugMon_Handler
    startup_stm32f10x_hd.o(RESET) refers to stm32f10x_it.o(i.PendSV_Handler) for PendSV_Handler
    startup_stm32f10x_hd.o(RESET) refers to stm32f10x_it.o(i.SysTick_Handler) for SysTick_Handler
    startup_stm32f10x_hd.o(RESET) refers to stm32f10x_it.o(i.EXTI0_IRQHandler) for EXTI0_IRQHandler
    startup_stm32f10x_hd.o(RESET) refers to stm32f10x_it.o(i.EXTI1_IRQHandler) for EXTI1_IRQHandler
    startup_stm32f10x_hd.o(RESET) refers to stm32f10x_it.o(i.EXTI2_IRQHandler) for EXTI2_IRQHandler
    startup_stm32f10x_hd.o(RESET) refers to stm32f10x_it.o(i.EXTI3_IRQHandler) for EXTI3_IRQHandler
    startup_stm32f10x_hd.o(RESET) refers to stm32f10x_it.o(i.TIM2_IRQHandler) for TIM2_IRQHandler
    startup_stm32f10x_hd.o(RESET) refers to stm32f10x_it.o(i.USART1_IRQHandler) for USART1_IRQHandler
    startup_stm32f10x_hd.o(.text) refers to system_stm32f10x.o(i.SystemInit) for SystemInit
    startup_stm32f10x_hd.o(.text) refers to entry.o(.ARM.Collect$$$$00000000) for __main
    system_stm32f10x.o(i.SetSysClock) refers to system_stm32f10x.o(i.SetSysClockTo72) for SetSysClockTo72
    system_stm32f10x.o(i.SystemCoreClockUpdate) refers to system_stm32f10x.o(.data) for SystemCoreClock
    system_stm32f10x.o(i.SystemInit) refers to system_stm32f10x.o(i.SetSysClock) for SetSysClock
    stm32f10x_adc.o(i.ADC_DeInit) refers to stm32f10x_rcc.o(i.RCC_APB2PeriphResetCmd) for RCC_APB2PeriphResetCmd
    stm32f10x_bkp.o(i.BKP_DeInit) refers to stm32f10x_rcc.o(i.RCC_BackupResetCmd) for RCC_BackupResetCmd
    stm32f10x_can.o(i.CAN_DeInit) refers to stm32f10x_rcc.o(i.RCC_APB1PeriphResetCmd) for RCC_APB1PeriphResetCmd
    stm32f10x_can.o(i.CAN_GetITStatus) refers to stm32f10x_can.o(i.CheckITStatus) for CheckITStatus
    stm32f10x_cec.o(i.CEC_DeInit) refers to stm32f10x_rcc.o(i.RCC_APB1PeriphResetCmd) for RCC_APB1PeriphResetCmd
    stm32f10x_dac.o(i.DAC_DeInit) refers to stm32f10x_rcc.o(i.RCC_APB1PeriphResetCmd) for RCC_APB1PeriphResetCmd
    stm32f10x_flash.o(i.FLASH_EnableWriteProtection) refers to stm32f10x_flash.o(i.FLASH_WaitForLastOperation) for FLASH_WaitForLastOperation
    stm32f10x_flash.o(i.FLASH_EraseAllBank1Pages) refers to stm32f10x_flash.o(i.FLASH_WaitForLastBank1Operation) for FLASH_WaitForLastBank1Operation
    stm32f10x_flash.o(i.FLASH_EraseAllPages) refers to stm32f10x_flash.o(i.FLASH_WaitForLastOperation) for FLASH_WaitForLastOperation
    stm32f10x_flash.o(i.FLASH_EraseOptionBytes) refers to stm32f10x_flash.o(i.FLASH_GetReadOutProtectionStatus) for FLASH_GetReadOutProtectionStatus
    stm32f10x_flash.o(i.FLASH_EraseOptionBytes) refers to stm32f10x_flash.o(i.FLASH_WaitForLastOperation) for FLASH_WaitForLastOperation
    stm32f10x_flash.o(i.FLASH_ErasePage) refers to stm32f10x_flash.o(i.FLASH_WaitForLastOperation) for FLASH_WaitForLastOperation
    stm32f10x_flash.o(i.FLASH_ProgramHalfWord) refers to stm32f10x_flash.o(i.FLASH_WaitForLastOperation) for FLASH_WaitForLastOperation
    stm32f10x_flash.o(i.FLASH_ProgramOptionByteData) refers to stm32f10x_flash.o(i.FLASH_WaitForLastOperation) for FLASH_WaitForLastOperation
    stm32f10x_flash.o(i.FLASH_ProgramWord) refers to stm32f10x_flash.o(i.FLASH_WaitForLastOperation) for FLASH_WaitForLastOperation
    stm32f10x_flash.o(i.FLASH_ReadOutProtection) refers to stm32f10x_flash.o(i.FLASH_WaitForLastOperation) for FLASH_WaitForLastOperation
    stm32f10x_flash.o(i.FLASH_UserOptionByteConfig) refers to stm32f10x_flash.o(i.FLASH_WaitForLastOperation) for FLASH_WaitForLastOperation
    stm32f10x_flash.o(i.FLASH_WaitForLastBank1Operation) refers to stm32f10x_flash.o(i.FLASH_GetBank1Status) for FLASH_GetBank1Status
    stm32f10x_flash.o(i.FLASH_WaitForLastOperation) refers to stm32f10x_flash.o(i.FLASH_GetBank1Status) for FLASH_GetBank1Status
    stm32f10x_gpio.o(i.GPIO_AFIODeInit) refers to stm32f10x_rcc.o(i.RCC_APB2PeriphResetCmd) for RCC_APB2PeriphResetCmd
[...]
    Removing stm32f10x_sdio.o(i.SDIO_SetSDIOReadWaitMode), (12 bytes).
    Removing stm32f10x_sdio.o(i.SDIO_StartSDIOReadWait), (12 bytes).
    Removing stm32f10x_sdio.o(i.SDIO_StopSDIOReadWait), (12 bytes).
    Removing stm32f10x_sdio.o(i.SDIO_StructInit), (16 bytes).
    Removing stm32f10x_sdio.o(i.SDIO_WriteData), (12 bytes).
    Removing stm32f10x_spi.o(.rev16_text), (4 bytes).
    Removing stm32f10x_spi.o(.revsh_text), (4 bytes).
    Removing stm32f10x_spi.o(.rrx_text), (6 bytes).
    Removing stm32f10x_spi.o(i.I2S_Cmd), (24 bytes).
    Removing stm32f10x_spi.o(i.I2S_Init), (232 bytes).
    Removing stm32f10x_spi.o(i.I2S_StructInit), (20 bytes).
    Removing stm32f10x_spi.o(i.SPI_BiDirectionalLineConfig), (28 bytes).
    Removing stm32f10x_spi.o(i.SPI_CalculateCRC), (24 bytes).
    Removing stm32f10x_spi.o(i.SPI_Cmd), (24 bytes).
    Removing stm32f10x_spi.o(i.SPI_DataSizeConfig), (18 bytes).
    Removing stm32f10x_spi.o(i.SPI_GetCRC), (16 bytes).
    Removing stm32f10x_spi.o(i.SPI_GetCRCPolynomial), (6 bytes).
    Removing stm32f10x_spi.o(i.SPI_I2S_ClearFlag), (6 bytes).
    Removing stm32f10x_spi.o(i.SPI_I2S_ClearITPendingBit), (20 bytes).
    Removing stm32f10x_spi.o(i.SPI_I2S_DMACmd), (18 bytes).
    Removing stm32f10x_spi.o(i.SPI_I2S_DeInit), (88 bytes).
    Removing stm32f10x_spi.o(i.SPI_I2S_GetFlagStatus), (18 bytes).
    Removing stm32f10x_spi.o(i.SPI_I2S_GetITStatus), (52 bytes).
    Removing stm32f10x_spi.o(i.SPI_I2S_ITConfig), (32 bytes).
    Removing stm32f10x_spi.o(i.SPI_I2S_ReceiveData), (6 bytes).
    Removing stm32f10x_spi.o(i.SPI_I2S_SendData), (4 bytes).
    Removing stm32f10x_spi.o(i.SPI_Init), (60 bytes).
    Removing stm32f10x_spi.o(i.SPI_NSSInternalSoftwareConfig), (30 bytes).
    Removing stm32f10x_spi.o(i.SPI_SSOutputCmd), (24 bytes).
    Removing stm32f10x_spi.o(i.SPI_StructInit), (24 bytes).
    Removing stm32f10x_spi.o(i.SPI_TransmitCRC), (10 bytes).
    Removing stm32f10x_tim.o(.rev16_text), (4 bytes).
    Removing stm32f10x_tim.o(.revsh_text), (4 bytes).
    Removing stm32f10x_tim.o(.rrx_text), (6 bytes).
    Removing stm32f10x_tim.o(i.TI1_Config), (128 bytes).
    Removing stm32f10x_tim.o(i.TI2_Config), (152 bytes).
    Removing stm32f10x_tim.o(i.TI3_Config), (144 bytes).
    Removing stm32f10x_tim.o(i.TI4_Config), (152 bytes).
    Removing stm32f10x_tim.o(i.TIM_BDTRConfig), (32 bytes).
    Removing stm32f10x_tim.o(i.TIM_BDTRStructInit), (18 bytes).
    Removing stm32f10x_tim.o(i.TIM_CCPreloadControl), (24 bytes).
    Removing stm32f10x_tim.o(i.TIM_CCxCmd), (30 bytes).
    Removing stm32f10x_tim.o(i.TIM_CCxNCmd), (30 bytes).
    Removing stm32f10x_tim.o(i.TIM_ClearOC1Ref), (18 bytes).
    Removing stm32f10x_tim.o(i.TIM_ClearOC2Ref), (24 bytes).
    Removing stm32f10x_tim.o(i.TIM_ClearOC3Ref), (18 bytes).
    Removing stm32f10x_tim.o(i.TIM_ClearOC4Ref), (24 bytes).
    Removing stm32f10x_tim.o(i.TIM_CounterModeConfig), (18 bytes).
    Removing stm32f10x_tim.o(i.TIM_CtrlPWMOutputs), (30 bytes).
    Removing stm32f10x_tim.o(i.TIM_DMACmd), (18 bytes).
    Removing stm32f10x_tim.o(i.TIM_DMAConfig), (10 bytes).
    Removing stm32f10x_tim.o(i.TIM_DeInit), (488 bytes).
    Removing stm32f10x_tim.o(i.TIM_ETRClockMode1Config), (54 bytes).
    Removing stm32f10x_tim.o(i.TIM_ETRClockMode2Config), (32 bytes).
    Removing stm32f10x_tim.o(i.TIM_ETRConfig), (28 bytes).
    Removing stm32f10x_tim.o(i.TIM_EncoderInterfaceConfig), (66 bytes).
    Removing stm32f10x_tim.o(i.TIM_ForcedOC1Config), (18 bytes).
    Removing stm32f10x_tim.o(i.TIM_ForcedOC2Config), (26 bytes).
    Removing stm32f10x_tim.o(i.TIM_ForcedOC3Config), (18 bytes).
    Removing stm32f10x_tim.o(i.TIM_ForcedOC4Config), (26 bytes).
    Removing stm32f10x_tim.o(i.TIM_GenerateEvent), (4 bytes).
    Removing stm32f10x_tim.o(i.TIM_GetCapture1), (6 bytes).
    Removing stm32f10x_tim.o(i.TIM_GetCapture2), (6 bytes).
    Removing stm32f10x_tim.o(i.TIM_GetCapture3), (6 bytes).
    Removing stm32f10x_tim.o(i.TIM_GetCapture4), (8 bytes).
    Removing stm32f10x_tim.o(i.TIM_GetCounter), (6 bytes).
    Removing stm32f10x_tim.o(i.TIM_GetFlagStatus), (18 bytes).
    Removing stm32f10x_tim.o(i.TIM_GetPrescaler), (6 bytes).
    Removing stm32f10x_tim.o(i.TIM_ICInit), (172 bytes).
    Removing stm32f10x_tim.o(i.TIM_ICStructInit), (18 bytes).
    Removing stm32f10x_tim.o(i.TIM_ITRxExternalClockConfig), (24 bytes).
    Removing stm32f10x_tim.o(i.TIM_InternalClockConfig), (12 bytes).
    Removing stm32f10x_tim.o(i.TIM_OC1FastConfig), (18 bytes).
    Removing stm32f10x_tim.o(i.TIM_OC1NPolarityConfig), (18 bytes).
    Removing stm32f10x_tim.o(i.TIM_OC1PolarityConfig), (18 bytes).
    Removing stm32f10x_tim.o(i.TIM_OC2FastConfig), (26 bytes).
    Removing stm32f10x_tim.o(i.TIM_OC2NPolarityConfig), (26 bytes).
    Removing stm32f10x_tim.o(i.TIM_OC2PolarityConfig), (26 bytes).
    Removing stm32f10x_tim.o(i.TIM_OC3FastConfig), (18 bytes).
    Removing stm32f10x_tim.o(i.TIM_OC3NPolarityConfig), (26 bytes).
    Removing stm32f10x_tim.o(i.TIM_OC3PolarityConfig), (26 bytes).
    Removing stm32f10x_tim.o(i.TIM_OC4FastConfig), (26 bytes).
    Removing stm32f10x_tim.o(i.TIM_OC4Init), (124 bytes).
    Removing stm32f10x_tim.o(i.TIM_OC4PolarityConfig), (26 bytes).
    Removing stm32f10x_tim.o(i.TIM_OC4PreloadConfig), (26 bytes).
    Removing stm32f10x_tim.o(i.TIM_OCStructInit), (20 bytes).
    Removing stm32f10x_tim.o(i.TIM_PWMIConfig), (124 bytes).
    Removing stm32f10x_tim.o(i.TIM_PrescalerConfig), (6 bytes).
    Removing stm32f10x_tim.o(i.TIM_SelectCCDMA), (24 bytes).
    Removing stm32f10x_tim.o(i.TIM_SelectCOM), (24 bytes).
    Removing stm32f10x_tim.o(i.TIM_SelectHallSensor), (24 bytes).
    Removing stm32f10x_tim.o(i.TIM_SelectInputTrigger), (18 bytes).
    Removing stm32f10x_tim.o(i.TIM_SelectMasterSlaveMode), (18 bytes).
    Removing stm32f10x_tim.o(i.TIM_SelectOCxM), (82 bytes).
    Removing stm32f10x_tim.o(i.TIM_SelectOnePulseMode), (18 bytes).
    Removing stm32f10x_tim.o(i.TIM_SelectOutputTrigger), (18 bytes).
    Removing stm32f10x_tim.o(i.TIM_SelectSlaveMode), (18 bytes).
    Removing stm32f10x_tim.o(i.TIM_SetAutoreload), (4 bytes).
    Removing stm32f10x_tim.o(i.TIM_SetClockDivision), (18 bytes).
    Removing stm32f10x_tim.o(i.TIM_SetCompare1), (4 bytes).
    Removing stm32f10x_tim.o(i.TIM_SetCompare2), (4 bytes).
    Removing stm32f10x_tim.o(i.TIM_SetCompare3), (4 bytes).
    Removing stm32f10x_tim.o(i.TIM_SetCompare4), (6 bytes).
    Removing stm32f10x_tim.o(i.TIM_SetCounter), (4 bytes).
    Removing stm32f10x_tim.o(i.TIM_SetIC1Prescaler), (18 bytes).
    Removing stm32f10x_tim.o(i.TIM_SetIC2Prescaler), (26 bytes).
    Removing stm32f10x_tim.o(i.TIM_SetIC3Prescaler), (18 bytes).
    Removing stm32f10x_tim.o(i.TIM_SetIC4Prescaler), (26 bytes).
    Removing stm32f10x_tim.o(i.TIM_TIxExternalClockConfig), (62 bytes).
    Removing stm32f10x_tim.o(i.TIM_TimeBaseStructInit), (18 bytes).
    Removing stm32f10x_tim.o(i.TIM_UpdateDisableConfig), (24 bytes).
    Removing stm32f10x_tim.o(i.TIM_UpdateRequestConfig), (24 bytes).
    Removing stm32f10x_usart.o(.rev16_text), (4 bytes).
    Removing stm32f10x_usart.o(.revsh_text), (4 bytes).
    Removing stm32f10x_usart.o(.rrx_text), (6 bytes).
    Removing stm32f10x_usart.o(i.USART_ClearFlag), (18 bytes).
    Removing stm32f10x_usart.o(i.USART_ClockInit), (34 bytes).
    Removing stm32f10x_usart.o(i.USART_ClockStructInit), (12 bytes).
    Removing stm32f10x_usart.o(i.USART_DMACmd), (18 bytes).
    Removing stm32f10x_usart.o(i.USART_DeInit), (156 bytes).
    Removing stm32f10x_usart.o(i.USART_HalfDuplexCmd), (24 bytes).
    Removing stm32f10x_usart.o(i.USART_IrDACmd), (24 bytes).
    Removing stm32f10x_usart.o(i.USART_IrDAConfig), (18 bytes).
    Removing stm32f10x_usart.o(i.USART_LINBreakDetectLengthConfig), (18 bytes).
    Removing stm32f10x_usart.o(i.USART_LINCmd), (24 bytes).
    Removing stm32f10x_usart.o(i.USART_OneBitMethodCmd), (24 bytes).
    Removing stm32f10x_usart.o(i.USART_OverSampling8Cmd), (22 bytes).
    Removing stm32f10x_usart.o(i.USART_ReceiveData), (10 bytes).
    Removing stm32f10x_usart.o(i.USART_ReceiverWakeUpCmd), (24 bytes).
    Removing stm32f10x_usart.o(i.USART_SendBreak), (10 bytes).
    Removing stm32f10x_usart.o(i.USART_SetAddress), (18 bytes).
    Removing stm32f10x_usart.o(i.USART_SetGuardTime), (16 bytes).
    Removing stm32f10x_usart.o(i.USART_SetPrescaler), (16 bytes).
    Removing stm32f10x_usart.o(i.USART_SmartCardCmd), (24 bytes).
    Removing stm32f10x_usart.o(i.USART_SmartCardNACKCmd), (24 bytes).
    Removing stm32f10x_usart.o(i.USART_StructInit), (24 bytes).
    Removing stm32f10x_usart.o(i.USART_WakeUpConfig), (18 bytes).
    Removing stm32f10x_wwdg.o(.rev16_text), (4 bytes).
    Removing stm32f10x_wwdg.o(.revsh_text), (4 bytes).
    Removing stm32f10x_wwdg.o(.rrx_text), (6 bytes).
    Removing stm32f10x_wwdg.o(i.WWDG_ClearFlag), (12 bytes).
    Removing stm32f10x_wwdg.o(i.WWDG_DeInit), (22 bytes).
    Removing stm32f10x_wwdg.o(i.WWDG_Enable), (16 bytes).
    Removing stm32f10x_wwdg.o(i.WWDG_EnableIT), (12 bytes).
    Removing stm32f10x_wwdg.o(i.WWDG_GetFlagStatus), (12 bytes).
    Removing stm32f10x_wwdg.o(i.WWDG_SetCounter), (16 bytes).
    Removing stm32f10x_wwdg.o(i.WWDG_SetPrescaler), (24 bytes).
    Removing stm32f10x_wwdg.o(i.WWDG_SetWindowValue), (40 bytes).
    Removing sys_rcc.o(.rev16_text), (4 bytes).
    Removing sys_rcc.o(.revsh_text), (4 bytes).
    Removing sys_rcc.o(.rrx_text), (6 bytes).
    Removing systick.o(.rev16_text), (4 bytes).
    Removing systick.o(.revsh_text), (4 bytes).
    Removing systick.o(.rrx_text), (6 bytes).
    Removing st_string.o(i.st_memcmp), (46 bytes).
    Removing st_string.o(i.st_memcpy), (26 bytes).
    Removing st_string.o(i.st_memset), (24 bytes).
    Removing st_string.o(i.st_strcat), (38 bytes).
    Removing st_string.o(i.st_strcmp), (40 bytes).
    Removing st_string.o(i.st_strcpy), (24 bytes).
    Removing st_string.o(i.st_strlen), (20 bytes).
    Removing st_string.o(i.st_strncmp), (48 bytes).
    Removing st_string.o(i.st_toupper), (24 bytes).
    Removing led_driver.o(.rev16_text), (4 bytes).
    Removing led_driver.o(.revsh_text), (4 bytes).
    Removing led_driver.o(.rrx_text), (6 bytes).
    Removing led_driver.o(i.BreadtheLight), (40 bytes).
    Removing led_driver.o(i.LED_All_ON), (22 bytes).
    Removing led_driver.o(.data), (20 bytes).
    Removing key_driver.o(.rev16_text), (4 bytes).
    Removing key_driver.o(.revsh_text), (4 bytes).
    Removing key_driver.o(.rrx_text), (6 bytes).
    Removing key_driver.o(i.Get_KeyType), (180 bytes).
    Removing key_driver.o(i.Key_delay), (10 bytes).
    Removing usart_driver.o(.rev16_text), (4 bytes).
    Removing usart_driver.o(.revsh_text), (4 bytes).
    Removing usart_driver.o(.rrx_text), (6 bytes).
    Removing usart_driver.o(i.fgetc), (32 bytes).
    Removing usart_driver.o(i.uasrt1_print), (28 bytes).
    Removing usart_driver.o(i.usart1_getc), (36 bytes).
    Removing usart_driver.o(i.usart1_getstr), (26 bytes).
    Removing usart_driver.o(i.usart1_putstr), (26 bytes).
    Removing tim_driver.o(.rev16_text), (4 bytes).
    Removing tim_driver.o(.revsh_text), (4 bytes).
    Removing tim_driver.o(.rrx_text), (6 bytes).
    Removing exti_driver.o(.rev16_text), (4 bytes).
    Removing exti_driver.o(.revsh_text), (4 bytes).
    Removing exti_driver.o(.rrx_text), (6 bytes).
    Removing i2c_driver.o(.rev16_text), (4 bytes).
    Removing i2c_driver.o(.revsh_text), (4 bytes).
    Removing i2c_driver.o(.rrx_text), (6 bytes).
    Removing i2c_driver.o(i.I2C_CheckDevice), (28 bytes).
    Removing i2c_driver.o(i.I2C_RecvACK), (80 bytes).
    Removing i2c_driver.o(i.I2C_RecvByte), (84 bytes).
    Removing i2c_driver.o(i.I2C_SendACK), (72 bytes).
    Removing i2c_driver.o(i.I2C_SendByte), (92 bytes).
    Removing i2c_driver.o(i.I2C_Start), (52 bytes).
    Removing i2c_driver.o(i.I2C_Stop), (44 bytes).
    Removing i2c_driver.o(i.SDA_IN), (36 bytes).
    Removing i2c_driver.o(i.SDA_OUT), (44 bytes).
    Removing eeprom.o(.rev16_text), (4 bytes).
    Removing eeprom.o(.revsh_text), (4 bytes).
    Removing eeprom.o(.rrx_text), (6 bytes).
    Removing eeprom.o(i.eeprom_CheckOk), (22 bytes).
    Removing eeprom.o(i.eeprom_Erase), (112 bytes).
    Removing eeprom.o(i.eeprom_ReadBytes), (188 bytes).
    Removing eeprom.o(i.eeprom_Test), (292 bytes).
    Removing eeprom.o(i.eeprom_WriteBytes), (180 bytes).
    Removing eeprom.o(.bss), (1024 bytes).
    Removing spi_driver_1.o(.rev16_text), (4 bytes).
    Removing spi_driver_1.o(.revsh_text), (4 bytes).
    Removing spi_driver_1.o(.rrx_text), (6 bytes).
    Removing oled_driver_1.o(.rev16_text), (4 bytes).
    Removing oled_driver_1.o(.revsh_text), (4 bytes).
    Removing oled_driver_1.o(.rrx_text), (6 bytes).
    Removing oled_driver_1.o(i.Draw_BMP), (116 bytes).
    Removing oled_driver_1.o(i.LCD_P6x8Str), (100 bytes).
    Removing oled_driver_1.o(i.LCD_P8x16Str), (136 bytes).
    Removing adc_driver.o(.rev16_text), (4 bytes).
    Removing adc_driver.o(.revsh_text), (4 bytes).
    Removing adc_driver.o(.rrx_text), (6 bytes).
    Removing adc_driver.o(i.Get_Adc), (44 bytes).
    Removing adc_driver.o(i.Get_AdcMath), (52 bytes).
    Removing adc_driver.o(i.filter), (52 bytes).
    Removing adc_driver.o(.data), (4 bytes).
    Removing dht11_driver.o(.rev16_text), (4 bytes).
    Removing dht11_driver.o(.revsh_text), (4 bytes).
    Removing dht11_driver.o(.rrx_text), (6 bytes).
    Removing main.o(.rev16_text), (4 bytes).
    Removing main.o(.revsh_text), (4 bytes).
    Removing main.o(.rrx_text), (6 bytes).
    Removing stm32f10x_it.o(.rev16_text), (4 bytes).
    Removing stm32f10x_it.o(.revsh_text), (4 bytes).
    Removing stm32f10x_it.o(.rrx_text), (6 bytes).
    Removing dmul.o(.text), (228 bytes).
    Removing ffltui.o(.text), (10 bytes).
    Removing f2d.o(.text), (38 bytes).
    Removing d2f.o(.text), (56 bytes).
    Removing fepilogue.o(.text), (110 bytes).
    Removing depilogue.o(.text), (186 bytes).
    Removing dadd.o(.text), (334 bytes).
    Removing ddiv.o(.text), (222 bytes).
    Removing dfixul.o(.text), (48 bytes).
    Removing cdrcmple.o(.text), (48 bytes).

586 unused section(s) (total 21876 bytes) removed from the image.

==============================================================================

Image Symbol Table

    Local Symbols

    Symbol Name                              Value     Ov Type        Size  Object(Section)

    ../clib/microlib/division.c              0x00000000   Number         0  uldiv.o ABSOLUTE
    ../clib/microlib/division.c              0x00000000   Number         0  uidiv.o ABSOLUTE
    ../clib/microlib/init/entry.s            0x00000000   Number         0  entry7b.o ABSOLUTE
    ../clib/microlib/init/entry.s            0x00000000   Number         0  entry10b.o ABSOLUTE
    ../clib/microlib/init/entry.s            0x00000000   Number         0  entry.o ABSOLUTE
    ../clib/microlib/init/entry.s            0x00000000   Number         0  entry2.o ABSOLUTE
    ../clib/microlib/init/entry.s            0x00000000   Number         0  entry5.o ABSOLUTE
    ../clib/microlib/init/entry.s            0x00000000   Number         0  entry11b.o ABSOLUTE
    ../clib/microlib/init/entry.s            0x00000000   Number         0  entry7a.o ABSOLUTE
    ../clib/microlib/init/entry.s            0x00000000   Number         0  entry8a.o ABSOLUTE
    ../clib/microlib/init/entry.s            0x00000000   Number         0  entry8b.o ABSOLUTE
    ../clib/microlib/init/entry.s            0x00000000   Number         0  entry9a.o ABSOLUTE
    ../clib/microlib/init/entry.s            0x00000000   Number         0  entry9b.o ABSOLUTE
    ../clib/microlib/init/entry.s            0x00000000   Number         0  entry11a.o ABSOLUTE
    ../clib/microlib/init/entry.s            0x00000000   Number         0  entry10a.o ABSOLUTE
    ../clib/microlib/longlong.c              0x00000000   Number         0  llushr.o ABSOLUTE
    ../clib/microlib/longlong.c              0x00000000   Number         0  llshl.o ABSOLUTE
    ../clib/microlib/longlong.c              0x00000000   Number         0  llsshr.o ABSOLUTE
    ../clib/microlib/printf/printf.c         0x00000000   Number         0  printf3.o ABSOLUTE
    ../clib/microlib/printf/printf.c         0x00000000   Number         0  printf4.o ABSOLUTE
    ../clib/microlib/printf/printf.c         0x00000000   Number         0  printf5.o ABSOLUTE
    ../clib/microlib/printf/printf.c         0x00000000   Number         0  printf6.o ABSOLUTE
    ../clib/microlib/printf/printf.c         0x00000000   Number         0  printf7.o ABSOLUTE
    ../clib/microlib/printf/printf.c         0x00000000   Number         0  printfa.o ABSOLUTE
    ../clib/microlib/printf/printf.c         0x00000000   Number         0  printf2.o ABSOLUTE
    ../clib/microlib/printf/printf.c         0x00000000   Number         0  printf1.o ABSOLUTE
    ../clib/microlib/printf/printf.c         0x00000000   Number         0  printf0.o ABSOLUTE
    ../clib/microlib/printf/printf.c         0x00000000   Number         0  printfb.o ABSOLUTE
    ../clib/microlib/printf/printf.c         0x00000000   Number         0  printf8.o ABSOLUTE
    ../clib/microlib/printf/stubs.s          0x00000000   Number         0  stubs.o ABSOLUTE
    ../clib/microlib/stdio/streams.c         0x00000000   Number         0  stdout.o ABSOLUTE
    ../clib/microlib/stubs.s                 0x00000000   Number         0  iusefp.o ABSOLUTE
    ../fplib/microlib/d2f.c                  0x00000000   Number         0  d2f.o ABSOLUTE
    ../fplib/microlib/f2d.c                  0x00000000   Number         0  f2d.o ABSOLUTE
    ../fplib/microlib/fpadd.c                0x00000000   Number         0  dadd.o ABSOLUTE
    ../fplib/microlib/fpdiv.c                0x00000000   Number         0  ddiv.o ABSOLUTE
    ../fplib/microlib/fpepilogue.c           0x00000000   Number         0  fepilogue.o ABSOLUTE
    ../fplib/microlib/fpepilogue.c           0x00000000   Number         0  depilogue.o ABSOLUTE
    ../fplib/microlib/fpfix.c                0x00000000   Number         0  dfixul.o ABSOLUTE
    ../fplib/microlib/fpflt.c                0x00000000   Number         0  ffltui.o ABSOLUTE
    ../fplib/microlib/fpmul.c                0x00000000   Number         0  dmul.o ABSOLUTE
    ..\Libaries\CMSIS\startup\arm\startup_stm32f10x_hd.s 0x00000000   Number         0  startup_stm32f10x_hd.o ABSOLUTE
    ..\Libaries\CMSIS\system_stm32f10x.c     0x00000000   Number         0  system_stm32f10x.o ABSOLUTE
    ..\Libaries\STM32F10x_StdPeriph_Driver\src\misc.c 0x00000000   Number         0  misc.o ABSOLUTE
    ..\Libaries\STM32F10x_StdPeriph_Driver\src\stm32f10x_adc.c 0x00000000   Number         0  stm32f10x_adc.o ABSOLUTE
    ..\Libaries\STM32F10x_StdPeriph_Driver\src\stm32f10x_bkp.c 0x00000000   Number         0  stm32f10x_bkp.o ABSOLUTE
    ..\Libaries\STM32F10x_StdPeriph_Driver\src\stm32f10x_can.c 0x00000000   Number         0  stm32f10x_can.o ABSOLUTE
    ..\Libaries\STM32F10x_StdPeriph_Driver\src\stm32f10x_cec.c 0x00000000   Number         0  stm32f10x_cec.o ABSOLUTE
    ..\Libaries\STM32F10x_StdPeriph_Driver\src\stm32f10x_crc.c 0x00000000   Number         0  stm32f10x_crc.o ABSOLUTE
    ..\Libaries\STM32F10x_StdPeriph_Driver\src\stm32f10x_dac.c 0x00000000   Number         0  stm32f10x_dac.o ABSOLUTE
    ..\Libaries\STM32F10x_StdPeriph_Driver\src\stm32f10x_dbgmcu.c 0x00000000   Number         0  stm32f10x_dbgmcu.o ABSOLUTE
    ..\Libaries\STM32F10x_StdPeriph_Driver\src\stm32f10x_dma.c 0x00000000   Number         0  stm32f10x_dma.o ABSOLUTE
    ..\Libaries\STM32F10x_StdPeriph_Driver\src\stm32f10x_exti.c 0x00000000   Number         0  stm32f10x_exti.o ABSOLUTE
    ..\Libaries\STM32F10x_StdPeriph_Driver\src\stm32f10x_flash.c 0x00000000   Number         0  stm32f10x_flash.o ABSOLUTE
    ..\Libaries\STM32F10x_StdPeriph_Driver\src\stm32f10x_fsmc.c 0x00000000   Number         0  stm32f10x_fsmc.o ABSOLUTE
    ..\Libaries\STM32F10x_StdPeriph_Driver\src\stm32f10x_gpio.c 0x00000000   Number         0  stm32f10x_gpio.o ABSOLUTE
    ..\Libaries\STM32F10x_StdPeriph_Driver\src\stm32f10x_i2c.c 0x00000000   Number         0  stm32f10x_i2c.o ABSOLUTE
    ..\Libaries\STM32F10x_StdPeriph_Driver\src\stm32f10x_iwdg.c 0x00000000   Number         0  stm32f10x_iwdg.o ABSOLUTE
    ..\Libaries\STM32F10x_StdPeriph_Driver\src\stm32f10x_pwr.c 0x00000000   Number         0  stm32f10x_pwr.o ABSOLUTE
    ..\Libaries\STM32F10x_StdPeriph_Driver\src\stm32f10x_rcc.c 0x00000000   Number         0  stm32f10x_rcc.o ABSOLUTE
    ..\Libaries\STM32F10x_StdPeriph_Driver\src\stm32f10x_rtc.c 0x00000000   Number         0  stm32f10x_rtc.o ABSOLUTE
    ..\Libaries\STM32F10x_StdPeriph_Driver\src\stm32f10x_sdio.c 0x00000000   Number         0  stm32f10x_sdio.o ABSOLUTE
    ..\Libaries\STM32F10x_StdPeriph_Driver\src\stm32f10x_spi.c 0x00000000   Number         0  stm32f10x_spi.o ABSOLUTE
    ..\Libaries\STM32F10x_StdPeriph_Driver\src\stm32f10x_tim.c 0x00000000   Number         0  stm32f10x_tim.o ABSOLUTE
    ..\Libaries\STM32F10x_StdPeriph_Driver\src\stm32f10x_usart.c 0x00000000   Number         0  stm32f10x_usart.o ABSOLUTE
    ..\Libaries\STM32F10x_StdPeriph_Driver\src\stm32f10x_wwdg.c 0x00000000   Number         0  stm32f10x_wwdg.o ABSOLUTE
    ..\User\ADC\adc_driver.c                 0x00000000   Number         0  adc_driver.o ABSOLUTE
    ..\User\DHT11\dht11_driver.c             0x00000000   Number         0  dht11_driver.o ABSOLUTE
    ..\User\EEPROM\eeprom.c                  0x00000000   Number         0  eeprom.o ABSOLUTE
    ..\User\EXTI\exti_driver.c               0x00000000   Number         0  exti_driver.o ABSOLUTE
    ..\User\I2C\i2c_driver.c                 0x00000000   Number         0  i2c_driver.o ABSOLUTE
    ..\User\KEY\key_driver.c                 0x00000000   Number         0  key_driver.o ABSOLUTE
    ..\User\LED\led_driver.c                 0x00000000   Number         0  led_driver.o ABSOLUTE
    ..\User\OLED\oled_driver.c               0x00000000   Number         0  oled_driver_1.o ABSOLUTE
    ..\User\RCC\sys_rcc.c                    0x00000000   Number         0  sys_rcc.o ABSOLUTE
    ..\User\SPI\spi_driver.c                 0x00000000   Number         0  spi_driver_1.o ABSOLUTE
    ..\User\ST_string\ST_string.c            0x00000000   Number         0  st_string.o ABSOLUTE
    ..\User\SysTick\SysTick.c                0x00000000   Number         0  systick.o ABSOLUTE
    ..\User\TIM\tim_driver.c                 0x00000000   Number         0  tim_driver.o ABSOLUTE
    ..\User\USART\usart_driver.c             0x00000000   Number         0  usart_driver.o ABSOLUTE
    ..\User\main.c                           0x00000000   Number         0  main.o ABSOLUTE
    ..\User\stm32f10x_it.c                   0x00000000   Number         0  stm32f10x_it.o ABSOLUTE
    ..\\Libaries\\CMSIS\\system_stm32f10x.c  0x00000000   Number         0  system_stm32f10x.o ABSOLUTE
    ..\\Libaries\\STM32F10x_StdPeriph_Driver\\src\\misc.c 0x00000000   Number         0  misc.o ABSOLUTE
    ..\\Libaries\\STM32F10x_StdPeriph_Driver\\src\\stm32f10x_adc.c 0x00000000   Number         0  stm32f10x_adc.o ABSOLUTE
    ..\\Libaries\\STM32F10x_StdPeriph_Driver\\src\\stm32f10x_bkp.c 0x00000000   Number         0  stm32f10x_bkp.o ABSOLUTE
    ..\\Libaries\\STM32F10x_StdPeriph_Driver\\src\\stm32f10x_can.c 0x00000000   Number         0  stm32f10x_can.o ABSOLUTE
    ..\\Libaries\\STM32F10x_StdPeriph_Driver\\src\\stm32f10x_cec.c 0x00000000   Number         0  stm32f10x_cec.o ABSOLUTE
    ..\\Libaries\\STM32F10x_StdPeriph_Driver\\src\\stm32f10x_crc.c 0x00000000   Number         0  stm32f10x_crc.o ABSOLUTE
    ..\\Libaries\\STM32F10x_StdPeriph_Driver\\src\\stm32f10x_dac.c 0x00000000   Number         0  stm32f10x_dac.o ABSOLUTE
    ..\\Libaries\\STM32F10x_StdPeriph_Driver\\src\\stm32f10x_dbgmcu.c 0x00000000   Number         0  stm32f10x_dbgmcu.o ABSOLUTE
    ..\\Libaries\\STM32F10x_StdPeriph_Driver\\src\\stm32f10x_dma.c 0x00000000   Number         0  stm32f10x_dma.o ABSOLUTE
    ..\\Libaries\\STM32F10x_StdPeriph_Driver\\src\\stm32f10x_exti.c 0x00000000   Number         0  stm32f10x_exti.o ABSOLUTE
    ..\\Libaries\\STM32F10x_StdPeriph_Driver\\src\\stm32f10x_flash.c 0x00000000   Number         0  stm32f10x_flash.o ABSOLUTE
    ..\\Libaries\\STM32F10x_StdPeriph_Driver\\src\\stm32f10x_fsmc.c 0x00000000   Number         0  stm32f10x_fsmc.o ABSOLUTE
    ..\\Libaries\\STM32F10x_StdPeriph_Driver\\src\\stm32f10x_gpio.c 0x00000000   Number         0  stm32f10x_gpio.o ABSOLUTE
    ..\\Libaries\\STM32F10x_StdPeriph_Driver\\src\\stm32f10x_i2c.c 0x00000000   Number         0  stm32f10x_i2c.o ABSOLUTE
    ..\\Libaries\\STM32F10x_StdPeriph_Driver\\src\\stm32f10x_iwdg.c 0x00000000   Number         0  stm32f10x_iwdg.o ABSOLUTE
    ..\\Libaries\\STM32F10x_StdPeriph_Driver\\src\\stm32f10x_pwr.c 0x00000000   Number         0  stm32f10x_pwr.o ABSOLUTE
    ..\\Libaries\\STM32F10x_StdPeriph_Driver\\src\\stm32f10x_rcc.c 0x00000000   Number         0  stm32f10x_rcc.o ABSOLUTE
    ..\\Libaries\\STM32F10x_StdPeriph_Driver\\src\\stm32f10x_rtc.c 0x00000000   Number         0  stm32f10x_rtc.o ABSOLUTE
    ..\\Libaries\\STM32F10x_StdPeriph_Driver\\src\\stm32f10x_sdio.c 0x00000000   Number         0  stm32f10x_sdio.o ABSOLUTE
    ..\\Libaries\\STM32F10x_StdPeriph_Driver\\src\\stm32f10x_spi.c 0x00000000   Number         0  stm32f10x_spi.o ABSOLUTE
    ..\\Libaries\\STM32F10x_StdPeriph_Driver\\src\\stm32f10x_tim.c 0x00000000   Number         0  stm32f10x_tim.o ABSOLUTE
    ..\\Libaries\\STM32F10x_StdPeriph_Driver\\src\\stm32f10x_usart.c 0x00000000   Number         0  stm32f10x_usart.o ABSOLUTE
    ..\\Libaries\\STM32F10x_StdPeriph_Driver\\src\\stm32f10x_wwdg.c 0x00000000   Number         0  stm32f10x_wwdg.o ABSOLUTE
    ..\\User\\ADC\\adc_driver.c              0x00000000   Number         0  adc_driver.o ABSOLUTE
    ..\\User\\DHT11\\dht11_driver.c          0x00000000   Number         0  dht11_driver.o ABSOLUTE
    ..\\User\\EEPROM\\eeprom.c               0x00000000   Number         0  eeprom.o ABSOLUTE
    ..\\User\\EXTI\\exti_driver.c            0x00000000   Number         0  exti_driver.o ABSOLUTE
    ..\\User\\I2C\\i2c_driver.c              0x00000000   Number         0  i2c_driver.o ABSOLUTE
    ..\\User\\KEY\\key_driver.c              0x00000000   Number         0  key_driver.o ABSOLUTE
    ..\\User\\LED\\led_driver.c              0x00000000   Number         0  led_driver.o ABSOLUTE
    ..\\User\\OLED\\oled_driver.c            0x00000000   Number         0  oled_driver_1.o ABSOLUTE
    ..\\User\\RCC\\sys_rcc.c                 0x00000000   Number         0  sys_rcc.o ABSOLUTE
    ..\\User\\SPI\\spi_driver.c              0x00000000   Number         0  spi_driver_1.o ABSOLUTE
    ..\\User\\SysTick\\SysTick.c             0x00000000   Number         0  systick.o ABSOLUTE
    ..\\User\\TIM\\tim_driver.c              0x00000000   Number         0  tim_driver.o ABSOLUTE
    ..\\User\\USART\\usart_driver.c          0x00000000   Number         0  usart_driver.o ABSOLUTE
    ..\\User\\main.c                         0x00000000   Number         0  main.o ABSOLUTE
    ..\\User\\stm32f10x_it.c                 0x00000000   Number         0  stm32f10x_it.o ABSOLUTE
    cdrcmple.s                               0x00000000   Number         0  cdrcmple.o ABSOLUTE
    dc.s                                     0x00000000   Number         0  dc.o ABSOLUTE
    handlers.s                               0x00000000   Number         0  handlers.o ABSOLUTE
    init.s                                   0x00000000   Number         0  init.o ABSOLUTE
    RESET                                    0x08000000   Section      304  startup_stm32f10x_hd.o(RESET)
    .ARM.Collect$$$$00000000                 0x08000130   Section        0  entry.o(.ARM.Collect$$$$00000000)
    .ARM.Collect$$$$00000001                 0x08000130   Section        4  entry2.o(.ARM.Collect$$$$00000001)
    .ARM.Collect$$$$00000004                 0x08000134   Section        4  entry5.o(.ARM.Collect$$$$00000004)
    .ARM.Collect$$$$00000008                 0x08000138   Section        0  entry7b.o(.ARM.Collect$$$$00000008)
    .ARM.Collect$$$$0000000A                 0x08000138   Section        0  entry8b.o(.ARM.Collect$$$$0000000A)
    .ARM.Collect$$$$0000000B                 0x08000138   Section        8  entry9a.o(.ARM.Collect$$$$0000000B)
    .ARM.Collect$$$$0000000D                 0x08000140   Section        0  entry10a.o(.ARM.Collect$$$$0000000D)
    .ARM.Collect$$$$0000000F                 0x08000140   Section        0  entry11a.o(.ARM.Collect$$$$0000000F)
    .ARM.Collect$$$$00002712                 0x08000140   Section        4  entry2.o(.ARM.Collect$$$$00002712)
    __lit__00000000                          0x08000140   Data           4  entry2.o(.ARM.Collect$$$$00002712)
    .text                                    0x08000144   Section       36  startup_stm32f10x_hd.o(.text)
    .text                                    0x08000168   Section        0  uldiv.o(.text)
    .text                                    0x080001cc   Section       36  init.o(.text)
    .text                                    0x080001f0   Section        0  llshl.o(.text)
    .text                                    0x0800020e   Section        0  llushr.o(.text)
    i.ADC1_GPIO_Config                       0x08000230   Section        0  adc_driver.o(i.ADC1_GPIO_Config)
    ADC1_GPIO_Config                         0x08000231   Thumb Code    42  adc_driver.o(i.ADC1_GPIO_Config)
    i.ADC1_Init                              0x08000260   Section        0  adc_driver.o(i.ADC1_Init)
    i.ADC1_Mode_Config                       0x0800026c   Section        0  adc_driver.o(i.ADC1_Mode_Config)
    ADC1_Mode_Config                         0x0800026d   Thumb Code   224  adc_driver.o(i.ADC1_Mode_Config)
    i.ADC_Cmd                                0x08000358   Section        0  stm32f10x_adc.o(i.ADC_Cmd)
    i.ADC_DMACmd                             0x0800036e   Section        0  stm32f10x_adc.o(i.ADC_DMACmd)
    i.ADC_GetCalibrationStatus               0x08000384   Section        0  stm32f10x_adc.o(i.ADC_GetCalibrationStatus)
    i.ADC_GetResetCalibrationStatus          0x08000398   Section        0  stm32f10x_adc.o(i.ADC_GetResetCalibrationStatus)
    i.ADC_Init                               0x080003ac   Section        0  stm32f10x_adc.o(i.ADC_Init)
    i.ADC_RegularChannelConfig               0x080003fc   Section        0  stm32f10x_adc.o(i.ADC_RegularChannelConfig)
    i.ADC_ResetCalibration                   0x080004b4   Section        0  stm32f10x_adc.o(i.ADC_ResetCalibration)
    i.ADC_SoftwareStartConvCmd               0x080004be   Section        0  stm32f10x_adc.o(i.ADC_SoftwareStartConvCmd)
    i.ADC_StartCalibration                   0x080004d4   Section        0  stm32f10x_adc.o(i.ADC_StartCalibration)
    i.Blue_LED                               0x080004de   Section        0  led_driver.o(i.Blue_LED)
    i.BusFault_Handler                       0x080004ea   Section        0  stm32f10x_it.o(i.BusFault_Handler)
    i.DHT11_IO_IN                            0x080004f0   Section        0  dht11_driver.o(i.DHT11_IO_IN)
    i.DHT11_IO_OUT                           0x0800050c   Section        0  dht11_driver.o(i.DHT11_IO_OUT)
    i.DHT11_InitConfig                       0x08000530   Section        0  dht11_driver.o(i.DHT11_InitConfig)
    i.DHT11_Start                            0x08000564   Section        0  dht11_driver.o(i.DHT11_Start)
    i.DMA_Cmd                                0x080005d4   Section        0  stm32f10x_dma.o(i.DMA_Cmd)
    i.DMA_DeInit                             0x080005ec   Section        0  stm32f10x_dma.o(i.DMA_DeInit)
    i.DMA_Init                               0x08000738   Section        0  stm32f10x_dma.o(i.DMA_Init)
    i.DebugMon_Handler                       0x08000774   Section        0  stm32f10x_it.o(i.DebugMon_Handler)
    i.EXTI0_IRQHandler                       0x08000778   Section        0  stm32f10x_it.o(i.EXTI0_IRQHandler)
    i.EXTI1_IRQHandler                       0x08000798   Section        0  stm32f10x_it.o(i.EXTI1_IRQHandler)
    i.EXTI2_IRQHandler                       0x080007bc   Section        0  stm32f10x_it.o(i.EXTI2_IRQHandler)
    i.EXTI3_IRQHandler                       0x080007e0   Section        0  stm32f10x_it.o(i.EXTI3_IRQHandler)
    i.EXTI_ClearITPendingBit                 0x08000804   Section        0  stm32f10x_exti.o(i.EXTI_ClearITPendingBit)
    i.EXTI_Config                            0x08000810   Section        0  exti_driver.o(i.EXTI_Config)
    i.EXTI_GetITStatus                       0x08000834   Section        0  stm32f10x_exti.o(i.EXTI_GetITStatus)
    i.EXTI_InitConfig                        0x0800085c   Section        0  exti_driver.o(i.EXTI_InitConfig)
    i.EXTI_NVIC_InitConfig                   0x08000868   Section        0  exti_driver.o(i.EXTI_NVIC_InitConfig)
    i.FLASH_PrefetchBufferCmd                0x080008a4   Section        0  stm32f10x_flash.o(i.FLASH_PrefetchBufferCmd)
    i.FLASH_SetLatency                       0x080008c0   Section        0  stm32f10x_flash.o(i.FLASH_SetLatency)
    i.GPIO_Init                              0x080008d8   Section        0  stm32f10x_gpio.o(i.GPIO_Init)
    i.GPIO_PinRemapConfig                    0x080009f0   Section        0  stm32f10x_gpio.o(i.GPIO_PinRemapConfig)
    i.GPIO_ReadInputDataBit                  0x08000a80   Section        0  stm32f10x_gpio.o(i.GPIO_ReadInputDataBit)
    i.GPIO_ResetBits                         0x08000a92   Section        0  stm32f10x_gpio.o(i.GPIO_ResetBits)
    i.GPIO_SetBits                           0x08000a96   Section        0  stm32f10x_gpio.o(i.GPIO_SetBits)
    i.Green_LED                              0x08000a9a   Section        0  led_driver.o(i.Green_LED)
    i.HardFault_Handler                      0x08000aa6   Section        0  stm32f10x_it.o(i.HardFault_Handler)
    i.I2C_GPIOInitConfig                     0x08000aac   Section        0  i2c_driver.o(i.I2C_GPIOInitConfig)
    i.Key_InitConfig                         0x08000ae0   Section        0  key_driver.o(i.Key_InitConfig)
    i.LCD_CLS                                0x08000b0c   Section        0  oled_driver_1.o(i.LCD_CLS)
    i.LCD_DLY_ms                             0x08000b44   Section        0  oled_driver_1.o(i.LCD_DLY_ms)
    i.LCD_Fill                               0x08000b50   Section        0  oled_driver_1.o(i.LCD_Fill)
    i.LCD_Init                               0x08000b8a   Section        0  oled_driver_1.o(i.LCD_Init)
    i.LCD_Reset                              0x08000c54   Section        0  oled_driver_1.o(i.LCD_Reset)
    i.LCD_Set_Pos                            0x08000c80   Section        0  oled_driver_1.o(i.LCD_Set_Pos)
    i.LCD_WrCmd                              0x08000ca4   Section        0  oled_driver_1.o(i.LCD_WrCmd)
    i.LCD_WrDat                              0x08000cbc   Section        0  oled_driver_1.o(i.LCD_WrDat)
    i.LED_All_OFF                            0x08000cd4   Section        0  led_driver.o(i.LED_All_OFF)
    i.LED_GPIO_InitConfig                    0x08000cec   Section        0  led_driver.o(i.LED_GPIO_InitConfig)
    i.MemManage_Handler                      0x08000dbc   Section        0  stm32f10x_it.o(i.MemManage_Handler)
    i.NMI_Handler                            0x08000dc0   Section        0  stm32f10x_it.o(i.NMI_Handler)
    i.NVIC_EnableIRQ                         0x08000dc2   Section        0  exti_driver.o(i.NVIC_EnableIRQ)
    NVIC_EnableIRQ                           0x08000dc3   Thumb Code    22  exti_driver.o(i.NVIC_EnableIRQ)
    i.NVIC_SetPriority                       0x08000dd8   Section        0  exti_driver.o(i.NVIC_SetPriority)
    NVIC_SetPriority                         0x08000dd9   Thumb Code    32  exti_driver.o(i.NVIC_SetPriority)
    i.OLED_GPIO_InitConfig                   0x08000e00   Section        0  oled_driver_1.o(i.OLED_GPIO_InitConfig)
    i.OLED_ShowCHinese                       0x08000e34   Section        0  oled_driver_1.o(i.OLED_ShowCHinese)
    i.OLED_ShowChar                          0x08000e8c   Section        0  oled_driver_1.o(i.OLED_ShowChar)
    i.OLED_ShowNum                           0x08000ef8   Section        0  oled_driver_1.o(i.OLED_ShowNum)
    i.PWM_Channel1_Out                       0x08000f6c   Section        0  led_driver.o(i.PWM_Channel1_Out)
    PWM_Channel1_Out                         0x08000f6d   Thumb Code     6  led_driver.o(i.PWM_Channel1_Out)
    i.PWM_Channel2_Out                       0x08000f78   Section        0  led_driver.o(i.PWM_Channel2_Out)
    PWM_Channel2_Out                         0x08000f79   Thumb Code     6  led_driver.o(i.PWM_Channel2_Out)
    i.PWM_Channel3_Out                       0x08000f84   Section        0  led_driver.o(i.PWM_Channel3_Out)
    PWM_Channel3_Out                         0x08000f85   Thumb Code     6  led_driver.o(i.PWM_Channel3_Out)
    i.PendSV_Handler                         0x08000f90   Section        0  stm32f10x_it.o(i.PendSV_Handler)
    i.RCC_ADCCLKConfig                       0x08000f94   Section        0  stm32f10x_rcc.o(i.RCC_ADCCLKConfig)
    i.RCC_AHBPeriphClockCmd                  0x08000fac   Section        0  stm32f10x_rcc.o(i.RCC_AHBPeriphClockCmd)
    i.RCC_APB1PeriphClockCmd                 0x08000fcc   Section        0  stm32f10x_rcc.o(i.RCC_APB1PeriphClockCmd)
    i.RCC_APB2PeriphClockCmd                 0x08000fec   Section        0  stm32f10x_rcc.o(i.RCC_APB2PeriphClockCmd)
    i.RCC_Configuration                      0x0800100c   Section        0  sys_rcc.o(i.RCC_Configuration)
    i.RCC_DeInit                             0x08001070   Section        0  stm32f10x_rcc.o(i.RCC_DeInit)
    i.RCC_GetClocksFreq                      0x080010bc   Section        0  stm32f10x_rcc.o(i.RCC_GetClocksFreq)
    i.RCC_GetFlagStatus                      0x08001190   Section        0  stm32f10x_rcc.o(i.RCC_GetFlagStatus)
    i.RCC_GetSYSCLKSource                    0x080011cc   Section        0  stm32f10x_rcc.o(i.RCC_GetSYSCLKSource)
    i.RCC_HCLKConfig                         0x080011dc   Section        0  stm32f10x_rcc.o(i.RCC_HCLKConfig)
    i.RCC_HSEConfig                          0x080011f4   Section        0  stm32f10x_rcc.o(i.RCC_HSEConfig)
    i.RCC_PCLK1Config                        0x08001240   Section        0  stm32f10x_rcc.o(i.RCC_PCLK1Config)
    i.RCC_PCLK2Config                        0x08001258   Section        0  stm32f10x_rcc.o(i.RCC_PCLK2Config)
    i.RCC_PLLCmd                             0x08001270   Section        0  stm32f10x_rcc.o(i.RCC_PLLCmd)
    i.RCC_PLLConfig                          0x0800127c   Section        0  stm32f10x_rcc.o(i.RCC_PLLConfig)
    i.RCC_SYSCLKConfig                       0x08001298   Section        0  stm32f10x_rcc.o(i.RCC_SYSCLKConfig)
    i.RCC_WaitForHSEStartUp                  0x080012b0   Section        0  stm32f10x_rcc.o(i.RCC_WaitForHSEStartUp)
    i.ReadBit                                0x080012e8   Section        0  dht11_driver.o(i.ReadBit)
    i.ReadByte                               0x08001340   Section        0  dht11_driver.o(i.ReadByte)
    i.ReadDat                                0x0800135e   Section        0  dht11_driver.o(i.ReadDat)
    i.Red_LED                                0x080013b4   Section        0  led_driver.o(i.Red_LED)
    i.SPI_InitConfig                         0x080013c0   Section        0  spi_driver_1.o(i.SPI_InitConfig)
    i.SPI_WriterByte                         0x080013ec   Section        0  spi_driver_1.o(i.SPI_WriterByte)
    i.SVC_Handler                            0x08001430   Section        0  stm32f10x_it.o(i.SVC_Handler)
    i.SetSysClock                            0x08001432   Section        0  system_stm32f10x.o(i.SetSysClock)
    SetSysClock                              0x08001433   Thumb Code     8  system_stm32f10x.o(i.SetSysClock)
    i.SetSysClockTo72                        0x0800143c   Section        0  system_stm32f10x.o(i.SetSysClockTo72)
    SetSysClockTo72                          0x0800143d   Thumb Code   214  system_stm32f10x.o(i.SetSysClockTo72)
    i.SysTick_Handler                        0x0800151c   Section        0  stm32f10x_it.o(i.SysTick_Handler)
    i.SysTick_init                           0x08001520   Section        0  systick.o(i.SysTick_init)
    i.SystemInit                             0x08001560   Section        0  system_stm32f10x.o(i.SystemInit)
    i.TIM2_IRQHandler                        0x080015c0   Section        0  stm32f10x_it.o(i.TIM2_IRQHandler)
    i.TIM_ARRPreloadConfig                   0x080015d8   Section        0  stm32f10x_tim.o(i.TIM_ARRPreloadConfig)
    i.TIM_ClearFlag                          0x080015f0   Section        0  stm32f10x_tim.o(i.TIM_ClearFlag)
    i.TIM_ClearITPendingBit                  0x080015f6   Section        0  stm32f10x_tim.o(i.TIM_ClearITPendingBit)
    i.TIM_Cmd                                0x080015fc   Section        0  stm32f10x_tim.o(i.TIM_Cmd)
    i.TIM_Config                             0x08001614   Section        0  tim_driver.o(i.TIM_Config)
    i.TIM_GetITStatus                        0x0800165e   Section        0  stm32f10x_tim.o(i.TIM_GetITStatus)
    i.TIM_ITConfig                           0x08001680   Section        0  stm32f10x_tim.o(i.TIM_ITConfig)
    i.TIM_InitConfig                         0x08001692   Section        0  tim_driver.o(i.TIM_InitConfig)
    i.TIM_NVIC_InitConfig                    0x080016a0   Section        0  tim_driver.o(i.TIM_NVIC_InitConfig)
    i.TIM_OC1Init                            0x080016e4   Section        0  stm32f10x_tim.o(i.TIM_OC1Init)
    i.TIM_OC1PreloadConfig                   0x0800177c   Section        0  stm32f10x_tim.o(i.TIM_OC1PreloadConfig)
    i.TIM_OC2Init                            0x08001790   Section        0  stm32f10x_tim.o(i.TIM_OC2Init)
    i.TIM_OC2PreloadConfig                   0x08001834   Section        0  stm32f10x_tim.o(i.TIM_OC2PreloadConfig)
    i.TIM_OC3Init                            0x08001850   Section        0  stm32f10x_tim.o(i.TIM_OC3Init)
    i.TIM_OC3PreloadConfig                   0x080018f0   Section        0  stm32f10x_tim.o(i.TIM_OC3PreloadConfig)
    i.TIM_TimeBaseInit                       0x08001904   Section        0  stm32f10x_tim.o(i.TIM_TimeBaseInit)
    i.UASRT_NVIC_Configuration               0x080019a8   Section        0  usart_driver.o(i.UASRT_NVIC_Configuration)
    i.USART1_Config                          0x080019f0   Section        0  usart_driver.o(i.USART1_Config)
    i.USART1_IRQHandler                      0x08001a84   Section        0  stm32f10x_it.o(i.USART1_IRQHandler)
    i.USART_ClearITPendingBit                0x08001ad8   Section        0  stm32f10x_usart.o(i.USART_ClearITPendingBit)
    i.USART_Cmd                              0x08001af6   Section        0  stm32f10x_usart.o(i.USART_Cmd)
    i.USART_GetFlagStatus                    0x08001b0e   Section        0  stm32f10x_usart.o(i.USART_GetFlagStatus)
    i.USART_GetITStatus                      0x08001b28   Section        0  stm32f10x_usart.o(i.USART_GetITStatus)
    i.USART_ITConfig                         0x08001b7c   Section        0  stm32f10x_usart.o(i.USART_ITConfig)
    i.USART_Init                             0x08001bc8   Section        0  stm32f10x_usart.o(i.USART_Init)
    i.USART_InitConfig                       0x08001ca0   Section        0  usart_driver.o(i.USART_InitConfig)
    i.USART_SendData                         0x08001cac   Section        0  stm32f10x_usart.o(i.USART_SendData)
    i.UsageFault_Handler                     0x08001cb4   Section        0  stm32f10x_it.o(i.UsageFault_Handler)
    i.__0printf$8                            0x08001cb8   Section        0  printf8.o(i.__0printf$8)
    i.__scatterload_copy                     0x08001cd8   Section       14  handlers.o(i.__scatterload_copy)
    i.__scatterload_null                     0x08001ce6   Section        2  handlers.o(i.__scatterload_null)
    i.__scatterload_zeroinit                 0x08001ce8   Section       14  handlers.o(i.__scatterload_zeroinit)
    i._printf_core                           0x08001cf8   Section        0  printf8.o(i._printf_core)
    _printf_core                             0x08001cf9   Thumb Code   996  printf8.o(i._printf_core)
    i._printf_post_padding                   0x08002108   Section        0  printf8.o(i._printf_post_padding)
    _printf_post_padding                     0x08002109   Thumb Code    36  printf8.o(i._printf_post_padding)
    i._printf_pre_padding                    0x0800212c   Section        0  printf8.o(i._printf_pre_padding)
    _printf_pre_padding                      0x0800212d   Thumb Code    46  printf8.o(i._printf_pre_padding)
    i.delay_ms                               0x0800215c   Section        0  systick.o(i.delay_ms)
    i.delay_us                               0x08002198   Section        0  systick.o(i.delay_us)
    i.fputc                                  0x080021d4   Section        0  usart_driver.o(i.fputc)
    i.main                                   0x080021f8   Section        0  main.o(i.main)
    i.oled_pow                               0x0800230c   Section        0  oled_driver_1.o(i.oled_pow)
    i.usart1_putc                            0x08002324   Section        0  usart_driver.o(i.usart1_putc)
    .constdata                               0x08002348   Section     2072  oled_driver_1.o(.constdata)
    .data                                    0x20000000   Section       20  stm32f10x_rcc.o(.data)
    APBAHBPrescTable                         0x20000000   Data          16  stm32f10x_rcc.o(.data)
    ADCPrescTable                            0x20000010   Data           4  stm32f10x_rcc.o(.data)
    .data                                    0x20000014   Section        4  systick.o(.data)
    fac_us                                   0x20000014   Data           1  systick.o(.data)
    fac_ms                                   0x20000016   Data           2  systick.o(.data)
    .data                                    0x20000018   Section      256  oled_driver_1.o(.data)
    .data                                    0x20000118   Section        1  stm32f10x_it.o(.data)
    .data                                    0x2000011c   Section        4  stdout.o(.data)
    .bss                                     0x20000120   Section      200  adc_driver.o(.bss)
    STACK                                    0x200001e8   Section     1024  startup_stm32f10x_hd.o(STACK)

    Global Symbols

    Symbol Name                              Value     Ov Type        Size  Object(Section)

    BuildAttributes$$THM_ISAv4$P$D$K$B$S$PE$A:L22UL41UL21$X:L11$S22US41US21$IEEE1$IW$USESV6$~STKCKD$USESV7$~SHL$OTIME$ROPI$EBA8$MICROLIB$REQ8$PRES8$EABIv2 0x00000000   Number         0  anon$$obj.o ABSOLUTE
    __ARM_use_no_argv                        0x00000000   Number         0  main.o ABSOLUTE
    _printf_a                                0x00000000   Number         0  stubs.o ABSOLUTE
    _printf_c                                0x00000000   Number         0  stubs.o ABSOLUTE
    _printf_charcount                        0x00000000   Number         0  stubs.o ABSOLUTE
    _printf_d                                0x00000000   Number         0  stubs.o ABSOLUTE
    _printf_e                                0x00000000   Number         0  stubs.o ABSOLUTE
    _printf_f                                0x00000000   Number         0  stubs.o ABSOLUTE
    _printf_flags                            0x00000000   Number         0  stubs.o ABSOLUTE
    _printf_fp_dec                           0x00000000   Number         0  stubs.o ABSOLUTE
    _printf_fp_hex                           0x00000000   Number         0  stubs.o ABSOLUTE
    _printf_g                                0x00000000   Number         0  stubs.o ABSOLUTE
    _printf_i                                0x00000000   Number         0  stubs.o ABSOLUTE
    _printf_int_dec                          0x00000000   Number         0  stubs.o ABSOLUTE
    _printf_l                                0x00000000   Number         0  stubs.o ABSOLUTE
    _printf_lc                               0x00000000   Number         0  stubs.o ABSOLUTE
    _printf_ll                               0x00000000   Number         0  stubs.o ABSOLUTE
    _printf_lld                              0x00000000   Number         0  stubs.o ABSOLUTE
    _printf_lli                              0x00000000   Number         0  stubs.o ABSOLUTE
    _printf_llo                              0x00000000   Number         0  stubs.o ABSOLUTE
    _printf_llu                              0x00000000   Number         0  stubs.o ABSOLUTE
    _printf_llx                              0x00000000   Number         0  stubs.o ABSOLUTE
    _printf_longlong_dec                     0x00000000   Number         0  stubs.o ABSOLUTE
    _printf_longlong_hex                     0x00000000   Number         0  stubs.o ABSOLUTE
    _printf_longlong_oct                     0x00000000   Number         0  stubs.o ABSOLUTE
    _printf_ls                               0x00000000   Number         0  stubs.o ABSOLUTE
    _printf_mbtowc                           0x00000000   Number         0  stubs.o ABSOLUTE
    _printf_n                                0x00000000   Number         0  stubs.o ABSOLUTE
    _printf_o                                0x00000000   Number         0  stubs.o ABSOLUTE
    _printf_p                                0x00000000   Number         0  stubs.o ABSOLUTE
    _printf_percent                          0x00000000   Number         0  stubs.o ABSOLUTE
    _printf_pre_padding                      0x00000000   Number         0  stubs.o ABSOLUTE
    _printf_return_value                     0x00000000   Number         0  stubs.o ABSOLUTE
    _printf_s                                0x00000000   Number         0  stubs.o ABSOLUTE
    _printf_sizespec                         0x00000000   Number         0  stubs.o ABSOLUTE
    _printf_str                              0x00000000   Number         0  stubs.o ABSOLUTE
    _printf_truncate_signed                  0x00000000   Number         0  stubs.o ABSOLUTE
    _printf_truncate_unsigned                0x00000000   Number         0  stubs.o ABSOLUTE
    _printf_u                                0x00000000   Number         0  stubs.o ABSOLUTE
    _printf_wc                               0x00000000   Number         0  stubs.o ABSOLUTE
    _printf_wctomb                           0x00000000   Number         0  stubs.o ABSOLUTE
    _printf_widthprec                        0x00000000   Number         0  stubs.o ABSOLUTE
    _printf_x                                0x00000000   Number         0  stubs.o ABSOLUTE
    __cpp_initialize__aeabi_                  - Undefined Weak Reference
    __cxa_finalize                            - Undefined Weak Reference
    __decompress                              - Undefined Weak Reference
    _clock_init                               - Undefined Weak Reference
    _microlib_exit                            - Undefined Weak Reference
    __Vectors_Size                           0x00000130   Number         0  startup_stm32f10x_hd.o ABSOLUTE
    __Vectors                                0x08000000   Data           4  startup_stm32f10x_hd.o(RESET)
    __Vectors_End                            0x08000130   Data           0  startup_stm32f10x_hd.o(RESET)
    __main                                   0x08000131   Thumb Code     0  entry.o(.ARM.Collect$$$$00000000)
    _main_stk                                0x08000131   Thumb Code     0  entry2.o(.ARM.Collect$$$$00000001)
    _main_scatterload                        0x08000135   Thumb Code     0  entry5.o(.ARM.Collect$$$$00000004)
    __main_after_scatterload                 0x08000139   Thumb Code     0  entry5.o(.ARM.Collect$$$$00000004)
    _main_clock                              0x08000139   Thumb Code     0  entry7b.o(.ARM.Collect$$$$00000008)
    _main_cpp_init                           0x08000139   Thumb Code     0  entry8b.o(.ARM.Collect$$$$0000000A)
    _main_init                               0x08000139   Thumb Code     0  entry9a.o(.ARM.Collect$$$$0000000B)
    __rt_final_cpp                           0x08000141   Thumb Code     0  entry10a.o(.ARM.Collect$$$$0000000D)
    __rt_final_exit                          0x08000141   Thumb Code     0  entry11a.o(.ARM.Collect$$$$0000000F)
    Reset_Handler                            0x08000145   Thumb Code     8  startup_stm32f10x_hd.o(.text)
    ADC1_2_IRQHandler                        0x0800015f   Thumb Code     0  startup_stm32f10x_hd.o(.text)
    ADC3_IRQHandler                          0x0800015f   Thumb Code     0  startup_stm32f10x_hd.o(.text)
    CAN1_RX1_IRQHandler                      0x0800015f   Thumb Code     0  startup_stm32f10x_hd.o(.text)
    CAN1_SCE_IRQHandler                      0x0800015f   Thumb Code     0  startup_stm32f10x_hd.o(.text)
    DMA1_Channel1_IRQHandler                 0x0800015f   Thumb Code     0  startup_stm32f10x_hd.o(.text)
    DMA1_Channel2_IRQHandler                 0x0800015f   Thumb Code     0  startup_stm32f10x_hd.o(.text)
    DMA1_Channel3_IRQHandler                 0x0800015f   Thumb Code     0  startup_stm32f10x_hd.o(.text)
    DMA1_Channel4_IRQHandler                 0x0800015f   Thumb Code     0  startup_stm32f10x_hd.o(.text)
    DMA1_Channel5_IRQHandler                 0x0800015f   Thumb Code     0  startup_stm32f10x_hd.o(.text)
    DMA1_Channel6_IRQHandler                 0x0800015f   Thumb Code     0  startup_stm32f10x_hd.o(.text)
    DMA1_Channel7_IRQHandler                 0x0800015f   Thumb Code     0  startup_stm32f10x_hd.o(.text)
    DMA2_Channel1_IRQHandler                 0x0800015f   Thumb Code     0  startup_stm32f10x_hd.o(.text)
    DMA2_Channel2_IRQHandler                 0x0800015f   Thumb Code     0  startup_stm32f10x_hd.o(.text)
    DMA2_Channel3_IRQHandler                 0x0800015f   Thumb Code     0  startup_stm32f10x_hd.o(.text)
    DMA2_Channel4_5_IRQHandler               0x0800015f   Thumb Code     0  startup_stm32f10x_hd.o(.text)
    EXTI15_10_IRQHandler                     0x0800015f   Thumb Code     0  startup_stm32f10x_hd.o(.text)
    EXTI4_IRQHandler                         0x0800015f   Thumb Code     0  startup_stm32f10x_hd.o(.text)
    EXTI9_5_IRQHandler                       0x0800015f   Thumb Code     0  startup_stm32f10x_hd.o(.text)
    FLASH_IRQHandler                         0x0800015f   Thumb Code     0  startup_stm32f10x_hd.o(.text)
    FSMC_IRQHandler                          0x0800015f   Thumb Code     0  startup_stm32f10x_hd.o(.text)
    I2C1_ER_IRQHandler                       0x0800015f   Thumb Code     0  startup_stm32f10x_hd.o(.text)
    I2C1_EV_IRQHandler                       0x0800015f   Thumb Code     0  startup_stm32f10x_hd.o(.text)
    I2C2_ER_IRQHandler                       0x0800015f   Thumb Code     0  startup_stm32f10x_hd.o(.text)
    I2C2_EV_IRQHandler                       0x0800015f   Thumb Code     0  startup_stm32f10x_hd.o(.text)
    PVD_IRQHandler                           0x0800015f   Thumb Code     0  startup_stm32f10x_hd.o(.text)
    RCC_IRQHandler                           0x0800015f   Thumb Code     0  startup_stm32f10x_hd.o(.text)
    RTCAlarm_IRQHandler                      0x0800015f   Thumb Code     0  startup_stm32f10x_hd.o(.text)
    RTC_IRQHandler                           0x0800015f   Thumb Code     0  startup_stm32f10x_hd.o(.text)
    SDIO_IRQHandler                          0x0800015f   Thumb Code     0  startup_stm32f10x_hd.o(.text)
    SPI1_IRQHandler                          0x0800015f   Thumb Code     0  startup_stm32f10x_hd.o(.text)
    SPI2_IRQHandler                          0x0800015f   Thumb Code     0  startup_stm32f10x_hd.o(.text)
    SPI3_IRQHandler                          0x0800015f   Thumb Code     0  startup_stm32f10x_hd.o(.text)
    TAMPER_IRQHandler                        0x0800015f   Thumb Code     0  startup_stm32f10x_hd.o(.text)
    TIM1_BRK_IRQHandler                      0x0800015f   Thumb Code     0  startup_stm32f10x_hd.o(.text)
    TIM1_CC_IRQHandler                       0x0800015f   Thumb Code     0  startup_stm32f10x_hd.o(.text)
    TIM1_TRG_COM_IRQHandler                  0x0800015f   Thumb Code     0  startup_stm32f10x_hd.o(.text)
    TIM1_UP_IRQHandler                       0x0800015f   Thumb Code     0  startup_stm32f10x_hd.o(.text)
    TIM3_IRQHandler                          0x0800015f   Thumb Code     0  startup_stm32f10x_hd.o(.text)
    TIM4_IRQHandler                          0x0800015f   Thumb Code     0  startup_stm32f10x_hd.o(.text)
    TIM5_IRQHandler                          0x0800015f   Thumb Code     0  startup_stm32f10x_hd.o(.text)
    TIM6_IRQHandler                          0x0800015f   Thumb Code     0  startup_stm32f10x_hd.o(.text)
    TIM7_IRQHandler                          0x0800015f   Thumb Code     0  startup_stm32f10x_hd.o(.text)
    TIM8_BRK_IRQHandler                      0x0800015f   Thumb Code     0  startup_stm32f10x_hd.o(.text)
    TIM8_CC_IRQHandler                       0x0800015f   Thumb Code     0  startup_stm32f10x_hd.o(.text)
    TIM8_TRG_COM_IRQHandler                  0x0800015f   Thumb Code     0  startup_stm32f10x_hd.o(.text)
    TIM8_UP_IRQHandler                       0x0800015f   Thumb Code     0  startup_stm32f10x_hd.o(.text)
    UART4_IRQHandler                         0x0800015f   Thumb Code     0  startup_stm32f10x_hd.o(.text)
    UART5_IRQHandler                         0x0800015f   Thumb Code     0  startup_stm32f10x_hd.o(.text)
    USART2_IRQHandler                        0x0800015f   Thumb Code     0  startup_stm32f10x_hd.o(.text)
    USART3_IRQHandler                        0x0800015f   Thumb Code     0  startup_stm32f10x_hd.o(.text)
    USBWakeUp_IRQHandler                     0x0800015f   Thumb Code     0  startup_stm32f10x_hd.o(.text)
    USB_HP_CAN1_TX_IRQHandler                0x0800015f   Thumb Code     0  startup_stm32f10x_hd.o(.text)
    USB_LP_CAN1_RX0_IRQHandler               0x0800015f   Thumb Code     0  startup_stm32f10x_hd.o(.text)
    WWDG_IRQHandler                          0x0800015f   Thumb Code     0  startup_stm32f10x_hd.o(.text)
    __aeabi_uldivmod                         0x08000169   Thumb Code    98  uldiv.o(.text)
    __scatterload                            0x080001cd   Thumb Code    28  init.o(.text)
    __scatterload_rt2                        0x080001cd   Thumb Code     0  init.o(.text)
    __aeabi_llsl                             0x080001f1   Thumb Code    30  llshl.o(.text)
    _ll_shift_l                              0x080001f1   Thumb Code     0  llshl.o(.text)
    __aeabi_llsr                             0x0800020f   Thumb Code    32  llushr.o(.text)
    _ll_ushift_r                             0x0800020f   Thumb Code     0  llushr.o(.text)
    ADC1_Init                                0x08000261   Thumb Code    12  adc_driver.o(i.ADC1_Init)
    ADC_Cmd                                  0x08000359   Thumb Code    22  stm32f10x_adc.o(i.ADC_Cmd)
    ADC_DMACmd                               0x0800036f   Thumb Code    22  stm32f10x_adc.o(i.ADC_DMACmd)
    ADC_GetCalibrationStatus                 0x08000385   Thumb Code    20  stm32f10x_adc.o(i.ADC_GetCalibrationStatus)
    ADC_GetResetCalibrationStatus            0x08000399   Thumb Code    20  stm32f10x_adc.o(i.ADC_GetResetCalibrationStatus)
    ADC_Init                                 0x080003ad   Thumb Code    70  stm32f10x_adc.o(i.ADC_Init)
    ADC_RegularChannelConfig                 0x080003fd   Thumb Code   184  stm32f10x_adc.o(i.ADC_RegularChannelConfig)
    ADC_ResetCalibration                     0x080004b5   Thumb Code    10  stm32f10x_adc.o(i.ADC_ResetCalibration)
    ADC_SoftwareStartConvCmd                 0x080004bf   Thumb Code    22  stm32f10x_adc.o(i.ADC_SoftwareStartConvCmd)
    ADC_StartCalibration                     0x080004d5   Thumb Code    10  stm32f10x_adc.o(i.ADC_StartCalibration)
    Blue_LED                                 0x080004df   Thumb Code    12  led_driver.o(i.Blue_LED)
    BusFault_Handler                         0x080004eb   Thumb Code     4  stm32f10x_it.o(i.BusFault_Handler)
    DHT11_IO_IN                              0x080004f1   Thumb Code    24  dht11_driver.o(i.DHT11_IO_IN)
    DHT11_IO_OUT                             0x0800050d   Thumb Code    30  dht11_driver.o(i.DHT11_IO_OUT)
    DHT11_InitConfig                         0x08000531   Thumb Code    46  dht11_driver.o(i.DHT11_InitConfig)
    DHT11_Start                              0x08000565   Thumb Code   108  dht11_driver.o(i.DHT11_Start)
    DMA_Cmd                                  0x080005d5   Thumb Code    24  stm32f10x_dma.o(i.DMA_Cmd)
    DMA_DeInit                               0x080005ed   Thumb Code   324  stm32f10x_dma.o(i.DMA_DeInit)
    DMA_Init                                 0x08000739   Thumb Code    60  stm32f10x_dma.o(i.DMA_Init)
    DebugMon_Handler                         0x08000775   Thumb Code     2  stm32f10x_it.o(i.DebugMon_Handler)
    EXTI0_IRQHandler                         0x08000779   Thumb Code    24  stm32f10x_it.o(i.EXTI0_IRQHandler)
    EXTI1_IRQHandler                         0x08000799   Thumb Code    26  stm32f10x_it.o(i.EXTI1_IRQHandler)
    EXTI2_IRQHandler                         0x080007bd   Thumb Code    26  stm32f10x_it.o(i.EXTI2_IRQHandler)
    EXTI3_IRQHandler                         0x080007e1   Thumb Code    26  stm32f10x_it.o(i.EXTI3_IRQHandler)
    EXTI_ClearITPendingBit                   0x08000805   Thumb Code     6  stm32f10x_exti.o(i.EXTI_ClearITPendingBit)
    EXTI_Config                              0x08000811   Thumb Code    30  exti_driver.o(i.EXTI_Config)
    EXTI_GetITStatus                         0x08000835   Thumb Code    34  stm32f10x_exti.o(i.EXTI_GetITStatus)
    EXTI_InitConfig                          0x0800085d   Thumb Code    12  exti_driver.o(i.EXTI_InitConfig)
    EXTI_NVIC_InitConfig                     0x08000869   Thumb Code    60  exti_driver.o(i.EXTI_NVIC_InitConfig)
    FLASH_PrefetchBufferCmd                  0x080008a5   Thumb Code    22  stm32f10x_flash.o(i.FLASH_PrefetchBufferCmd)
    FLASH_SetLatency                         0x080008c1   Thumb Code    18  stm32f10x_flash.o(i.FLASH_SetLatency)
    GPIO_Init                                0x080008d9   Thumb Code   278  stm32f10x_gpio.o(i.GPIO_Init)
    GPIO_PinRemapConfig                      0x080009f1   Thumb Code   138  stm32f10x_gpio.o(i.GPIO_PinRemapConfig)
    GPIO_ReadInputDataBit                    0x08000a81   Thumb Code    18  stm32f10x_gpio.o(i.GPIO_ReadInputDataBit)
    GPIO_ResetBits                           0x08000a93   Thumb Code     4  stm32f10x_gpio.o(i.GPIO_ResetBits)
    GPIO_SetBits                             0x08000a97   Thumb Code     4  stm32f10x_gpio.o(i.GPIO_SetBits)
    Green_LED                                0x08000a9b   Thumb Code    12  led_driver.o(i.Green_LED)
    HardFault_Handler                        0x08000aa7   Thumb Code     4  stm32f10x_it.o(i.HardFault_Handler)
    I2C_GPIOInitConfig                       0x08000aad   Thumb Code    46  i2c_driver.o(i.I2C_GPIOInitConfig)
    Key_InitConfig                           0x08000ae1   Thumb Code    38  key_driver.o(i.Key_InitConfig)
    LCD_CLS                                  0x08000b0d   Thumb Code    56  oled_driver_1.o(i.LCD_CLS)
    LCD_DLY_ms                               0x08000b45   Thumb Code    12  oled_driver_1.o(i.LCD_DLY_ms)
    LCD_Fill                                 0x08000b51   Thumb Code    58  oled_driver_1.o(i.LCD_Fill)
    LCD_Init                                 0x08000b8b   Thumb Code   200  oled_driver_1.o(i.LCD_Init)
    LCD_Reset                                0x08000c55   Thumb Code    40  oled_driver_1.o(i.LCD_Reset)
    LCD_Set_Pos                              0x08000c81   Thumb Code    36  oled_driver_1.o(i.LCD_Set_Pos)
    LCD_WrCmd                                0x08000ca5   Thumb Code    20  oled_driver_1.o(i.LCD_WrCmd)
    LCD_WrDat                                0x08000cbd   Thumb Code    20  oled_driver_1.o(i.LCD_WrDat)
    LED_All_OFF                              0x08000cd5   Thumb Code    22  led_driver.o(i.LED_All_OFF)
    LED_GPIO_InitConfig                      0x08000ced   Thumb Code   196  led_driver.o(i.LED_GPIO_InitConfig)
    MemManage_Handler                        0x08000dbd   Thumb Code     4  stm32f10x_it.o(i.MemManage_Handler)
    NMI_Handler                              0x08000dc1   Thumb Code     2  stm32f10x_it.o(i.NMI_Handler)
    OLED_GPIO_InitConfig                     0x08000e01   Thumb Code    46  oled_driver_1.o(i.OLED_GPIO_InitConfig)
    OLED_ShowCHinese                         0x08000e35   Thumb Code    84  oled_driver_1.o(i.OLED_ShowCHinese)
    OLED_ShowChar                            0x08000e8d   Thumb Code   102  oled_driver_1.o(i.OLED_ShowChar)
    OLED_ShowNum                             0x08000ef9   Thumb Code   114  oled_driver_1.o(i.OLED_ShowNum)
    PendSV_Handler                           0x08000f91   Thumb Code     2  stm32f10x_it.o(i.PendSV_Handler)
    RCC_ADCCLKConfig                         0x08000f95   Thumb Code    18  stm32f10x_rcc.o(i.RCC_ADCCLKConfig)
    RCC_AHBPeriphClockCmd                    0x08000fad   Thumb Code    26  stm32f10x_rcc.o(i.RCC_AHBPeriphClockCmd)
    RCC_APB1PeriphClockCmd                   0x08000fcd   Thumb Code    26  stm32f10x_rcc.o(i.RCC_APB1PeriphClockCmd)
    RCC_APB2PeriphClockCmd                   0x08000fed   Thumb Code    26  stm32f10x_rcc.o(i.RCC_APB2PeriphClockCmd)
    RCC_Configuration                        0x0800100d   Thumb Code   100  sys_rcc.o(i.RCC_Configuration)
    RCC_DeInit                               0x08001071   Thumb Code    64  stm32f10x_rcc.o(i.RCC_DeInit)
    RCC_GetClocksFreq                        0x080010bd   Thumb Code   192  stm32f10x_rcc.o(i.RCC_GetClocksFreq)
    RCC_GetFlagStatus                        0x08001191   Thumb Code    56  stm32f10x_rcc.o(i.RCC_GetFlagStatus)
    RCC_GetSYSCLKSource                      0x080011cd   Thumb Code    10  stm32f10x_rcc.o(i.RCC_GetSYSCLKSource)
    RCC_HCLKConfig                           0x080011dd   Thumb Code    18  stm32f10x_rcc.o(i.RCC_HCLKConfig)
    RCC_HSEConfig                            0x080011f5   Thumb Code    70  stm32f10x_rcc.o(i.RCC_HSEConfig)
    RCC_PCLK1Config                          0x08001241   Thumb Code    18  stm32f10x_rcc.o(i.RCC_PCLK1Config)
    RCC_PCLK2Config                          0x08001259   Thumb Code    20  stm32f10x_rcc.o(i.RCC_PCLK2Config)
    RCC_PLLCmd                               0x08001271   Thumb Code     6  stm32f10x_rcc.o(i.RCC_PLLCmd)
    RCC_PLLConfig                            0x0800127d   Thumb Code    24  stm32f10x_rcc.o(i.RCC_PLLConfig)
    RCC_SYSCLKConfig                         0x08001299   Thumb Code    18  stm32f10x_rcc.o(i.RCC_SYSCLKConfig)
    RCC_WaitForHSEStartUp                    0x080012b1   Thumb Code    56  stm32f10x_rcc.o(i.RCC_WaitForHSEStartUp)
    ReadBit                                  0x080012e9   Thumb Code    84  dht11_driver.o(i.ReadBit)
    ReadByte                                 0x08001341   Thumb Code    30  dht11_driver.o(i.ReadByte)
    ReadDat                                  0x0800135f   Thumb Code    86  dht11_driver.o(i.ReadDat)
    Red_LED                                  0x080013b5   Thumb Code    12  led_driver.o(i.Red_LED)
    SPI_InitConfig                           0x080013c1   Thumb Code    38  spi_driver_1.o(i.SPI_InitConfig)
    SPI_WriterByte                           0x080013ed   Thumb Code    62  spi_driver_1.o(i.SPI_WriterByte)
    SVC_Handler                              0x08001431   Thumb Code     2  stm32f10x_it.o(i.SVC_Handler)
    SysTick_Handler                          0x0800151d   Thumb Code     2  stm32f10x_it.o(i.SysTick_Handler)
    SysTick_init                             0x08001521   Thumb Code    56  systick.o(i.SysTick_init)
    SystemInit                               0x08001561   Thumb Code    78  system_stm32f10x.o(i.SystemInit)
    TIM2_IRQHandler                          0x080015c1   Thumb Code    24  stm32f10x_it.o(i.TIM2_IRQHandler)
    TIM_ARRPreloadConfig                     0x080015d9   Thumb Code    24  stm32f10x_tim.o(i.TIM_ARRPreloadConfig)
    TIM_ClearFlag                            0x080015f1   Thumb Code     6  stm32f10x_tim.o(i.TIM_ClearFlag)
    TIM_ClearITPendingBit                    0x080015f7   Thumb Code     6  stm32f10x_tim.o(i.TIM_ClearITPendingBit)
    TIM_Cmd                                  0x080015fd   Thumb Code    24  stm32f10x_tim.o(i.TIM_Cmd)
    TIM_Config                               0x08001615   Thumb Code    74  tim_driver.o(i.TIM_Config)
    TIM_GetITStatus                          0x0800165f   Thumb Code    34  stm32f10x_tim.o(i.TIM_GetITStatus)
    TIM_ITConfig                             0x08001681   Thumb Code    18  stm32f10x_tim.o(i.TIM_ITConfig)
    TIM_InitConfig                           0x08001693   Thumb Code    12  tim_driver.o(i.TIM_InitConfig)
    TIM_NVIC_InitConfig                      0x080016a1   Thumb Code    58  tim_driver.o(i.TIM_NVIC_InitConfig)
    TIM_OC1Init                              0x080016e5   Thumb Code   132  stm32f10x_tim.o(i.TIM_OC1Init)
    TIM_OC1PreloadConfig                     0x0800177d   Thumb Code    18  stm32f10x_tim.o(i.TIM_OC1PreloadConfig)
    TIM_OC2Init                              0x08001791   Thumb Code   154  stm32f10x_tim.o(i.TIM_OC2Init)
    TIM_OC2PreloadConfig                     0x08001835   Thumb Code    26  stm32f10x_tim.o(i.TIM_OC2PreloadConfig)
    TIM_OC3Init                              0x08001851   Thumb Code   150  stm32f10x_tim.o(i.TIM_OC3Init)
    TIM_OC3PreloadConfig                     0x080018f1   Thumb Code    18  stm32f10x_tim.o(i.TIM_OC3PreloadConfig)
    TIM_TimeBaseInit                         0x08001905   Thumb Code   122  stm32f10x_tim.o(i.TIM_TimeBaseInit)
    UASRT_NVIC_Configuration                 0x080019a9   Thumb Code    62  usart_driver.o(i.UASRT_NVIC_Configuration)
    USART1_Config                            0x080019f1   Thumb Code   140  usart_driver.o(i.USART1_Config)
    USART1_IRQHandler                        0x08001a85   Thumb Code    52  stm32f10x_it.o(i.USART1_IRQHandler)
    USART_ClearITPendingBit                  0x08001ad9   Thumb Code    30  stm32f10x_usart.o(i.USART_ClearITPendingBit)
    USART_Cmd                                0x08001af7   Thumb Code    24  stm32f10x_usart.o(i.USART_Cmd)
    USART_GetFlagStatus                      0x08001b0f   Thumb Code    26  stm32f10x_usart.o(i.USART_GetFlagStatus)
    USART_GetITStatus                        0x08001b29   Thumb Code    84  stm32f10x_usart.o(i.USART_GetITStatus)
    USART_ITConfig                           0x08001b7d   Thumb Code    74  stm32f10x_usart.o(i.USART_ITConfig)
    USART_Init                               0x08001bc9   Thumb Code   210  stm32f10x_usart.o(i.USART_Init)
    USART_InitConfig                         0x08001ca1   Thumb Code    12  usart_driver.o(i.USART_InitConfig)
    USART_SendData                           0x08001cad   Thumb Code     8  stm32f10x_usart.o(i.USART_SendData)
    UsageFault_Handler                       0x08001cb5   Thumb Code     4  stm32f10x_it.o(i.UsageFault_Handler)
    __0printf$8                              0x08001cb9   Thumb Code    22  printf8.o(i.__0printf$8)
    __1printf$8                              0x08001cb9   Thumb Code     0  printf8.o(i.__0printf$8)
    __2printf                                0x08001cb9   Thumb Code     0  printf8.o(i.__0printf$8)
    __scatterload_copy                       0x08001cd9   Thumb Code    14  handlers.o(i.__scatterload_copy)
    __scatterload_null                       0x08001ce7   Thumb Code     2  handlers.o(i.__scatterload_null)
    __scatterload_zeroinit                   0x08001ce9   Thumb Code    14  handlers.o(i.__scatterload_zeroinit)
    delay_ms                                 0x0800215d   Thumb Code    56  systick.o(i.delay_ms)
    delay_us                                 0x08002199   Thumb Code    56  systick.o(i.delay_us)
    fputc                                    0x080021d5   Thumb Code    32  usart_driver.o(i.fputc)
    main                                     0x080021f9   Thumb Code   226  main.o(i.main)
    oled_pow                                 0x0800230d   Thumb Code    22  oled_driver_1.o(i.oled_pow)
    usart1_putc                              0x08002325   Thumb Code    30  usart_driver.o(i.usart1_putc)
    F6x8                                     0x08002348   Data         552  oled_driver_1.o(.constdata)
    F8X16                                    0x08002570   Data        1520  oled_driver_1.o(.constdata)
    Region$$Table$$Base                      0x08002b60   Number         0  anon$$obj.o(Region$$Table)
    Region$$Table$$Limit                     0x08002b80   Number         0  anon$$obj.o(Region$$Table)
    Hz                                       0x20000018   Data         256  oled_driver_1.o(.data)
    ch                                       0x20000118   Data           1  stm32f10x_it.o(.data)
    __stdout                                 0x2000011c   Data           4  stdout.o(.data)
    ADC_ConvertedValue                       0x20000120   Data         200  adc_driver.o(.bss)
    __initial_sp                             0x200005e8   Data           0  startup_stm32f10x_hd.o(STACK)



==============================================================================

Memory Map of the image

  Image Entry point : 0x08000131

  Load Region LR_IROM1 (Base: 0x08000000, Size: 0x00002ca0, Max: 0x00040000, ABSOLUTE)

    Execution Region ER_IROM1 (Base: 0x08000000, Size: 0x00002b80, Max: 0x00040000, ABSOLUTE)

    Base Addr    Size         Type   Attr      Idx    E Section Name        Object

    0x08000000   0x00000130   Data   RO            3    RESET               startup_stm32f10x_hd.o
    0x08000130   0x00000000   Code   RO         4391  * .ARM.Collect$$$$00000000  mc_w.l(entry.o)
    0x08000130   0x00000004   Code   RO         4663    .ARM.Collect$$$$00000001  mc_w.l(entry2.o)
    0x08000134   0x00000004   Code   RO         4666    .ARM.Collect$$$$00000004  mc_w.l(entry5.o)
    0x08000138   0x00000000   Code   RO         4668    .ARM.Collect$$$$00000008  mc_w.l(entry7b.o)
    0x08000138   0x00000000   Code   RO         4670    .ARM.Collect$$$$0000000A  mc_w.l(entry8b.o)
    0x08000138   0x00000008   Code   RO         4671    .ARM.Collect$$$$0000000B  mc_w.l(entry9a.o)
    0x08000140   0x00000000   Code   RO         4673    .ARM.Collect$$$$0000000D  mc_w.l(entry10a.o)
    0x08000140   0x00000000   Code   RO         4675    .ARM.Collect$$$$0000000F  mc_w.l(entry11a.o)
    0x08000140   0x00000004   Code   RO         4664    .ARM.Collect$$$$00002712  mc_w.l(entry2.o)
    0x08000144   0x00000024   Code   RO            4    .text               startup_stm32f10x_hd.o
    0x08000168   0x00000062   Code   RO         4680    .text               mc_w.l(uldiv.o)
    0x080001ca   0x00000002   PAD
    0x080001cc   0x00000024   Code   RO         4695    .text               mc_w.l(init.o)
    0x080001f0   0x0000001e   Code   RO         4697    .text               mc_w.l(llshl.o)
    0x0800020e   0x00000020   Code   RO         4699    .text               mc_w.l(llushr.o)
    0x0800022e   0x00000002   PAD
    0x08000230   0x00000030   Code   RO         4131    i.ADC1_GPIO_Config  adc_driver.o
    0x08000260   0x0000000c   Code   RO         4132    i.ADC1_Init         adc_driver.o
    0x0800026c   0x000000ec   Code   RO         4133    i.ADC1_Mode_Config  adc_driver.o
    0x08000358   0x00000016   Code   RO          209    i.ADC_Cmd           stm32f10x_adc.o
    0x0800036e   0x00000016   Code   RO          210    i.ADC_DMACmd        stm32f10x_adc.o
    0x08000384   0x00000014   Code   RO          217    i.ADC_GetCalibrationStatus  stm32f10x_adc.o
    0x08000398   0x00000014   Code   RO          223    i.ADC_GetResetCalibrationStatus  stm32f10x_adc.o
    0x080003ac   0x00000050   Code   RO          227    i.ADC_Init          stm32f10x_adc.o
    0x080003fc   0x000000b8   Code   RO          231    i.ADC_RegularChannelConfig  stm32f10x_adc.o
    0x080004b4   0x0000000a   Code   RO          232    i.ADC_ResetCalibration  stm32f10x_adc.o
    0x080004be   0x00000016   Code   RO          234    i.ADC_SoftwareStartConvCmd  stm32f10x_adc.o
    0x080004d4   0x0000000a   Code   RO          236    i.ADC_StartCalibration  stm32f10x_adc.o
    0x080004de   0x0000000c   Code   RO         3533    i.Blue_LED          led_driver.o
    0x080004ea   0x00000004   Code   RO         4280    i.BusFault_Handler  stm32f10x_it.o
    0x080004ee   0x00000002   PAD
    0x080004f0   0x0000001c   Code   RO         4190    i.DHT11_IO_IN       dht11_driver.o
    0x0800050c   0x00000024   Code   RO         4191    i.DHT11_IO_OUT      dht11_driver.o
    0x08000530   0x00000034   Code   RO         4192    i.DHT11_InitConfig  dht11_driver.o
    0x08000564   0x00000070   Code   RO         4193    i.DHT11_Start       dht11_driver.o
    0x080005d4   0x00000018   Code   RO          978    i.DMA_Cmd           stm32f10x_dma.o
    0x080005ec   0x0000014c   Code   RO          979    i.DMA_DeInit        stm32f10x_dma.o
    0x08000738   0x0000003c   Code   RO          984    i.DMA_Init          stm32f10x_dma.o
    0x08000774   0x00000002   Code   RO         4281    i.DebugMon_Handler  stm32f10x_it.o
    0x08000776   0x00000002   PAD
    0x08000778   0x00000020   Code   RO         4282    i.EXTI0_IRQHandler  stm32f10x_it.o
    0x08000798   0x00000024   Code   RO         4283    i.EXTI1_IRQHandler  stm32f10x_it.o
    0x080007bc   0x00000024   Code   RO         4284    i.EXTI2_IRQHandler  stm32f10x_it.o
    0x080007e0   0x00000024   Code   RO         4285    i.EXTI3_IRQHandler  stm32f10x_it.o
    0x08000804   0x0000000c   Code   RO         1061    i.EXTI_ClearITPendingBit  stm32f10x_exti.o
    0x08000810   0x00000024   Code   RO         3780    i.EXTI_Config       exti_driver.o
    0x08000834   0x00000028   Code   RO         1065    i.EXTI_GetITStatus  stm32f10x_exti.o
    0x0800085c   0x0000000c   Code   RO         3781    i.EXTI_InitConfig   exti_driver.o
    0x08000868   0x0000003c   Code   RO         3782    i.EXTI_NVIC_InitConfig  exti_driver.o
    0x080008a4   0x0000001c   Code   RO         1143    i.FLASH_PrefetchBufferCmd  stm32f10x_flash.o
    0x080008c0   0x00000018   Code   RO         1148    i.FLASH_SetLatency  stm32f10x_flash.o
    0x080008d8   0x00000116   Code   RO         1450    i.GPIO_Init         stm32f10x_gpio.o
    0x080009ee   0x00000002   PAD
    0x080009f0   0x00000090   Code   RO         1452    i.GPIO_PinRemapConfig  stm32f10x_gpio.o
    0x08000a80   0x00000012   Code   RO         1454    i.GPIO_ReadInputDataBit  stm32f10x_gpio.o
    0x08000a92   0x00000004   Code   RO         1457    i.GPIO_ResetBits    stm32f10x_gpio.o
    0x08000a96   0x00000004   Code   RO         1458    i.GPIO_SetBits      stm32f10x_gpio.o
    0x08000a9a   0x0000000c   Code   RO         3535    i.Green_LED         led_driver.o
    0x08000aa6   0x00000004   Code   RO         4286    i.HardFault_Handler  stm32f10x_it.o
    0x08000aaa   0x00000002   PAD
    0x08000aac   0x00000034   Code   RO         3834    i.I2C_GPIOInitConfig  i2c_driver.o
    0x08000ae0   0x0000002c   Code   RO         3615    i.Key_InitConfig    key_driver.o
    0x08000b0c   0x00000038   Code   RO         4007    i.LCD_CLS           oled_driver_1.o
    0x08000b44   0x0000000c   Code   RO         4008    i.LCD_DLY_ms        oled_driver_1.o
    0x08000b50   0x0000003a   Code   RO         4009    i.LCD_Fill          oled_driver_1.o
    0x08000b8a   0x000000c8   Code   RO         4010    i.LCD_Init          oled_driver_1.o
    0x08000c52   0x00000002   PAD
    0x08000c54   0x0000002c   Code   RO         4013    i.LCD_Reset         oled_driver_1.o
    0x08000c80   0x00000024   Code   RO         4014    i.LCD_Set_Pos       oled_driver_1.o
    0x08000ca4   0x00000018   Code   RO         4015    i.LCD_WrCmd         oled_driver_1.o
    0x08000cbc   0x00000018   Code   RO         4016    i.LCD_WrDat         oled_driver_1.o
    0x08000cd4   0x00000016   Code   RO         3536    i.LED_All_OFF       led_driver.o
    0x08000cea   0x00000002   PAD
    0x08000cec   0x000000d0   Code   RO         3538    i.LED_GPIO_InitConfig  led_driver.o
    0x08000dbc   0x00000004   Code   RO         4287    i.MemManage_Handler  stm32f10x_it.o
    0x08000dc0   0x00000002   Code   RO         4288    i.NMI_Handler       stm32f10x_it.o
    0x08000dc2   0x00000016   Code   RO         3783    i.NVIC_EnableIRQ    exti_driver.o
    0x08000dd8   0x00000028   Code   RO         3784    i.NVIC_SetPriority  exti_driver.o
    0x08000e00   0x00000034   Code   RO         4017    i.OLED_GPIO_InitConfig  oled_driver_1.o
    0x08000e34   0x00000058   Code   RO         4018    i.OLED_ShowCHinese  oled_driver_1.o
    0x08000e8c   0x0000006c   Code   RO         4019    i.OLED_ShowChar     oled_driver_1.o
    0x08000ef8   0x00000072   Code   RO         4020    i.OLED_ShowNum      oled_driver_1.o
    0x08000f6a   0x00000002   PAD
    0x08000f6c   0x0000000c   Code   RO         3539    i.PWM_Channel1_Out  led_driver.o
    0x08000f78   0x0000000c   Code   RO         3540    i.PWM_Channel2_Out  led_driver.o
    0x08000f84   0x0000000c   Code   RO         3541    i.PWM_Channel3_Out  led_driver.o
    0x08000f90   0x00000002   Code   RO         4289    i.PendSV_Handler    stm32f10x_it.o
    0x08000f92   0x00000002   PAD
    0x08000f94   0x00000018   Code   RO         1912    i.RCC_ADCCLKConfig  stm32f10x_rcc.o
    0x08000fac   0x00000020   Code   RO         1913    i.RCC_AHBPeriphClockCmd  stm32f10x_rcc.o
    0x08000fcc   0x00000020   Code   RO         1914    i.RCC_APB1PeriphClockCmd  stm32f10x_rcc.o
    0x08000fec   0x00000020   Code   RO         1916    i.RCC_APB2PeriphClockCmd  stm32f10x_rcc.o
    0x0800100c   0x00000064   Code   RO         3398    i.RCC_Configuration  sys_rcc.o
    0x08001070   0x0000004c   Code   RO         1923    i.RCC_DeInit        stm32f10x_rcc.o
    0x080010bc   0x000000d4   Code   RO         1924    i.RCC_GetClocksFreq  stm32f10x_rcc.o
    0x08001190   0x0000003c   Code   RO         1925    i.RCC_GetFlagStatus  stm32f10x_rcc.o
    0x080011cc   0x00000010   Code   RO         1927    i.RCC_GetSYSCLKSource  stm32f10x_rcc.o
    0x080011dc   0x00000018   Code   RO         1928    i.RCC_HCLKConfig    stm32f10x_rcc.o
    0x080011f4   0x0000004c   Code   RO         1929    i.RCC_HSEConfig     stm32f10x_rcc.o
    0x08001240   0x00000018   Code   RO         1935    i.RCC_PCLK1Config   stm32f10x_rcc.o
    0x08001258   0x00000018   Code   RO         1936    i.RCC_PCLK2Config   stm32f10x_rcc.o
    0x08001270   0x0000000c   Code   RO         1937    i.RCC_PLLCmd        stm32f10x_rcc.o
    0x0800127c   0x0000001c   Code   RO         1938    i.RCC_PLLConfig     stm32f10x_rcc.o
    0x08001298   0x00000018   Code   RO         1941    i.RCC_SYSCLKConfig  stm32f10x_rcc.o
    0x080012b0   0x00000038   Code   RO         1943    i.RCC_WaitForHSEStartUp  stm32f10x_rcc.o
    0x080012e8   0x00000058   Code   RO         4194    i.ReadBit           dht11_driver.o
    0x08001340   0x0000001e   Code   RO         4195    i.ReadByte          dht11_driver.o
    0x0800135e   0x00000056   Code   RO         4196    i.ReadDat           dht11_driver.o
    0x080013b4   0x0000000c   Code   RO         3542    i.Red_LED           led_driver.o
    0x080013c0   0x0000002c   Code   RO         3972    i.SPI_InitConfig    spi_driver_1.o
    0x080013ec   0x00000044   Code   RO         3973    i.SPI_WriterByte    spi_driver_1.o
    0x08001430   0x00000002   Code   RO         4290    i.SVC_Handler       stm32f10x_it.o
    0x08001432   0x00000008   Code   RO           13    i.SetSysClock       system_stm32f10x.o
    0x0800143a   0x00000002   PAD
    0x0800143c   0x000000e0   Code   RO           14    i.SetSysClockTo72   system_stm32f10x.o
    0x0800151c   0x00000002   Code   RO         4291    i.SysTick_Handler   stm32f10x_it.o
    0x0800151e   0x00000002   PAD
    0x08001520   0x00000040   Code   RO         3425    i.SysTick_init      systick.o
    0x08001560   0x00000060   Code   RO           16    i.SystemInit        system_stm32f10x.o
    0x080015c0   0x00000018   Code   RO         4292    i.TIM2_IRQHandler   stm32f10x_it.o
    0x080015d8   0x00000018   Code   RO         2584    i.TIM_ARRPreloadConfig  stm32f10x_tim.o
    0x080015f0   0x00000006   Code   RO         2590    i.TIM_ClearFlag     stm32f10x_tim.o
    0x080015f6   0x00000006   Code   RO         2591    i.TIM_ClearITPendingBit  stm32f10x_tim.o
    0x080015fc   0x00000018   Code   RO         2596    i.TIM_Cmd           stm32f10x_tim.o
    0x08001614   0x0000004a   Code   RO         3741    i.TIM_Config        tim_driver.o
    0x0800165e   0x00000022   Code   RO         2617    i.TIM_GetITStatus   stm32f10x_tim.o
    0x08001680   0x00000012   Code   RO         2621    i.TIM_ITConfig      stm32f10x_tim.o
    0x08001692   0x0000000c   Code   RO         3742    i.TIM_InitConfig    tim_driver.o
    0x0800169e   0x00000002   PAD
    0x080016a0   0x00000044   Code   RO         3743    i.TIM_NVIC_InitConfig  tim_driver.o
    0x080016e4   0x00000098   Code   RO         2625    i.TIM_OC1Init       stm32f10x_tim.o
    0x0800177c   0x00000012   Code   RO         2628    i.TIM_OC1PreloadConfig  stm32f10x_tim.o
    0x0800178e   0x00000002   PAD
    0x08001790   0x000000a4   Code   RO         2630    i.TIM_OC2Init       stm32f10x_tim.o
    0x08001834   0x0000001a   Code   RO         2633    i.TIM_OC2PreloadConfig  stm32f10x_tim.o
    0x0800184e   0x00000002   PAD
    0x08001850   0x000000a0   Code   RO         2635    i.TIM_OC3Init       stm32f10x_tim.o
    0x080018f0   0x00000012   Code   RO         2638    i.TIM_OC3PreloadConfig  stm32f10x_tim.o
    0x08001902   0x00000002   PAD
    0x08001904   0x000000a4   Code   RO         2667    i.TIM_TimeBaseInit  stm32f10x_tim.o
    0x080019a8   0x00000048   Code   RO         3659    i.UASRT_NVIC_Configuration  usart_driver.o
    0x080019f0   0x00000094   Code   RO         3660    i.USART1_Config     usart_driver.o
    0x08001a84   0x00000054   Code   RO         4293    i.USART1_IRQHandler  stm32f10x_it.o
    0x08001ad8   0x0000001e   Code   RO         3141    i.USART_ClearITPendingBit  stm32f10x_usart.o
    0x08001af6   0x00000018   Code   RO         3144    i.USART_Cmd         stm32f10x_usart.o
    0x08001b0e   0x0000001a   Code   RO         3147    i.USART_GetFlagStatus  stm32f10x_usart.o
    0x08001b28   0x00000054   Code   RO         3148    i.USART_GetITStatus  stm32f10x_usart.o
    0x08001b7c   0x0000004a   Code   RO         3150    i.USART_ITConfig    stm32f10x_usart.o
    0x08001bc6   0x00000002   PAD
    0x08001bc8   0x000000d8   Code   RO         3151    i.USART_Init        stm32f10x_usart.o
    0x08001ca0   0x0000000c   Code   RO         3661    i.USART_InitConfig  usart_driver.o
    0x08001cac   0x00000008   Code   RO         3161    i.USART_SendData    stm32f10x_usart.o
    0x08001cb4   0x00000004   Code   RO         4294    i.UsageFault_Handler  stm32f10x_it.o
    0x08001cb8   0x00000020   Code   RO         4601    i.__0printf$8       mc_w.l(printf8.o)
    0x08001cd8   0x0000000e   Code   RO         4705    i.__scatterload_copy  mc_w.l(handlers.o)
    0x08001ce6   0x00000002   Code   RO         4706    i.__scatterload_null  mc_w.l(handlers.o)
    0x08001ce8   0x0000000e   Code   RO         4707    i.__scatterload_zeroinit  mc_w.l(handlers.o)
    0x08001cf6   0x00000002   PAD
    0x08001cf8   0x00000410   Code   RO         4608    i._printf_core      mc_w.l(printf8.o)
    0x08002108   0x00000024   Code   RO         4609    i._printf_post_padding  mc_w.l(printf8.o)
    0x0800212c   0x0000002e   Code   RO         4610    i._printf_pre_padding  mc_w.l(printf8.o)
    0x0800215a   0x00000002   PAD
    0x0800215c   0x0000003c   Code   RO         3426    i.delay_ms          systick.o
    0x08002198   0x0000003c   Code   RO         3427    i.delay_us          systick.o
    0x080021d4   0x00000024   Code   RO         3663    i.fputc             usart_driver.o
    0x080021f8   0x00000114   Code   RO         4253    i.main              main.o
    0x0800230c   0x00000016   Code   RO         4021    i.oled_pow          oled_driver_1.o
    0x08002322   0x00000002   PAD
    0x08002324   0x00000024   Code   RO         3667    i.usart1_putc       usart_driver.o
    0x08002348   0x00000818   Data   RO         4022    .constdata          oled_driver_1.o
    0x08002b60   0x00000020   Data   RO         4703    Region$$Table       anon$$obj.o


    Execution Region RW_IRAM1 (Base: 0x20000000, Size: 0x000005e8, Max: 0x0000c000, ABSOLUTE)

    Base Addr    Size         Type   Attr      Idx    E Section Name        Object

    0x20000000   0x00000014   Data   RW         1944    .data               stm32f10x_rcc.o
    0x20000014   0x00000004   Data   RW         3428    .data               systick.o
    0x20000018   0x00000100   Data   RW         4023    .data               oled_driver_1.o
    0x20000118   0x00000001   Data   RW         4295    .data               stm32f10x_it.o
    0x20000119   0x00000003   PAD
    0x2000011c   0x00000004   Data   RW         4677    .data               mc_w.l(stdout.o)
    0x20000120   0x000000c8   Zero   RW         4137    .bss                adc_driver.o
    0x200001e8   0x00000400   Zero   RW            1    STACK               startup_stm32f10x_hd.o


==============================================================================

Image component sizes


      Code (inc. data)   RO Data    RW Data    ZI Data      Debug   Object Name

       296         18          0          0        200       2078   adc_driver.o
       432         24          0          0          0       4253   dht11_driver.o
       170         14          0          0          0      24230   exti_driver.o
        52          6          0          0          0        481   i2c_driver.o
        44          6          0          0          0        469   key_driver.o
       302         30          0          0          0       3709   led_driver.o
       276         50          0          0          0        571   main.o
       838         28       2072        256          0       8159   oled_driver_1.o
       112         12          0          0          0       1010   spi_driver_1.o
         0          0          0          0          0       1228   st_string.o
        36          8        304          0       1024        840   startup_stm32f10x_hd.o
       390         10          0          0          0       7501   stm32f10x_adc.o
       416          8          0          0          0       3466   stm32f10x_dma.o
        52         12          0          0          0       1148   stm32f10x_exti.o
        52         12          0          0          0       1113   stm32f10x_flash.o
       448          6          0          0          0       4566   stm32f10x_gpio.o
       274         70          0          1          0       6401   stm32f10x_it.o
       752        104          0         20          0      11773   stm32f10x_rcc.o
       814         82          0          0          0       8708   stm32f10x_tim.o
       462          6          0          0          0       6343   stm32f10x_usart.o
       100          0          0          0          0        536   sys_rcc.o
       328         28          0          0          0     271973   system_stm32f10x.o
       184         16          0          4          0       1609   systick.o
       154         10          0          0          0       1568   tim_driver.o
       304         28          0          0          0      24839   usart_driver.o

    ----------------------------------------------------------------------
      7320        588       2408        284       1224     398572   Object Totals
         0          0         32          0          0          0   (incl. Generated)
        32          0          0          3          0          0   (incl. Padding)

    ----------------------------------------------------------------------

      Code (inc. data)   RO Data    RW Data    ZI Data      Debug   Library Member Name

         0          0          0          0          0          0   entry.o
         0          0          0          0          0          0   entry10a.o
         0          0          0          0          0          0   entry11a.o
         8          4          0          0          0          0   entry2.o
         4          0          0          0          0          0   entry5.o
         0          0          0          0          0          0   entry7b.o
         0          0          0          0          0          0   entry8b.o
         8          4          0          0          0          0   entry9a.o
        30          0          0          0          0          0   handlers.o
        36          8          0          0          0         68   init.o
        30          0          0          0          0         68   llshl.o
        32          0          0          0          0         68   llushr.o
      1154         54          0          0          0        352   printf8.o
         0          0          0          4          0          0   stdout.o
        98          0          0          0          0         92   uldiv.o

    ----------------------------------------------------------------------
      1408         70          0          4          0        648   Library Totals
         8          0          0          0          0          0   (incl. Padding)

    ----------------------------------------------------------------------

      Code (inc. data)   RO Data    RW Data    ZI Data      Debug   Library Name

      1400         70          0          4          0        648   mc_w.l

    ----------------------------------------------------------------------
      1408         70          0          4          0        648   Library Totals

    ----------------------------------------------------------------------

==============================================================================


      Code (inc. data)   RO Data    RW Data    ZI Data      Debug   

      8728        658       2408        288       1224     392664   Grand Totals
      8728        658       2408        288       1224     392664   ELF Image Totals
      8728        658       2408        288          0          0   ROM Totals

==============================================================================

    Total RO  Size (Code + RO Data)                11136 (  10.88kB)
    Total RW  Size (RW Data + ZI Data)              1512 (   1.48kB)
    Total ROM Size (Code + RO Data + RW Data)      11424 (  11.16kB)

==============================================================================

